Info: Generated by version: 24.1 build 115
Info: Starting: Create block symbol file (.bsf)
Info: qsys-generate C:\Users\pchh520\Documents\GitHub\part-4-project\SummerResearch\quartus\NonDPR.qsys --block-symbol-file --output-directory=C:\Users\pchh520\Documents\GitHub\part-4-project\SummerResearch\quartus\NonDPR --family="Arria 10" --part=10AX115H1F34I1SG
Progress: Loading quartus/NonDPR.qsys
Progress: Reading input file
Progress: Parameterizing module clock_in
Progress: Parameterizing module data_mem
Progress: Parameterizing module master_0
Progress: Parameterizing module npu_system_0
Progress: Parameterizing module reset_in
Progress: Parameterizing module weight_mem
Progress: Building connections
Progress: Parameterizing connections
Progress: Validating
Progress: Done reading input file
Component Instantiation Warning: NonDPR.clock_in: Project Setting information doesn't match IP Variant file. Double-click to open System Info tab.
Component Instantiation Warning: NonDPR.data_mem: Project Setting information doesn't match IP Variant file. Double-click to open System Info tab.
Component Instantiation Warning: NonDPR.master_0: Project Setting information doesn't match IP Variant file. Double-click to open System Info tab.
Component Instantiation Warning: NonDPR.npu_system_0: Project Setting information doesn't match IP Variant file. Double-click to open System Info tab.
Component Instantiation Warning: NonDPR.reset_in: Project Setting information doesn't match IP Variant file. Double-click to open System Info tab.
Component Instantiation Warning: NonDPR.weight_mem: Project Setting information doesn't match IP Variant file. Double-click to open System Info tab.
Info: Finished: Create block symbol file (.bsf)
Info: 
Info: Starting: Create HDL design files for synthesis
Info: qsys-generate C:\Users\pchh520\Documents\GitHub\part-4-project\SummerResearch\quartus\NonDPR.qsys --synthesis=VERILOG --output-directory=C:\Users\pchh520\Documents\GitHub\part-4-project\SummerResearch\quartus\NonDPR --family="Arria 10" --part=10AX115H1F34I1SG
Progress: Loading quartus/NonDPR.qsys
Progress: Reading input file
Progress: Parameterizing module clock_in
Progress: Parameterizing module data_mem
Progress: Parameterizing module master_0
Progress: Parameterizing module npu_system_0
Progress: Parameterizing module reset_in
Progress: Parameterizing module weight_mem
Progress: Building connections
Progress: Parameterizing connections
Progress: Validating
Progress: Done reading input file
Component Instantiation Warning: NonDPR.clock_in: Project Setting information doesn't match IP Variant file. Double-click to open System Info tab.
Component Instantiation Warning: NonDPR.data_mem: Project Setting information doesn't match IP Variant file. Double-click to open System Info tab.
Component Instantiation Warning: NonDPR.master_0: Project Setting information doesn't match IP Variant file. Double-click to open System Info tab.
Component Instantiation Warning: NonDPR.npu_system_0: Project Setting information doesn't match IP Variant file. Double-click to open System Info tab.
Component Instantiation Warning: NonDPR.reset_in: Project Setting information doesn't match IP Variant file. Double-click to open System Info tab.
Component Instantiation Warning: NonDPR.weight_mem: Project Setting information doesn't match IP Variant file. Double-click to open System Info tab.
Info: NonDPR: "Transforming system: NonDPR"
Info: Interconnect is inserted between master npu_system_0.act and slave data_mem.s2 because the master has address signal 32 bit wide, but the slave is 10 bit wide.
Info: Interconnect is inserted between master npu_system_0.act and slave data_mem.s2 because the master has read signal 1 bit wide, but the slave is 0 bit wide.
Info: Interconnect is inserted between master npu_system_0.act and slave data_mem.s2 because the master has waitrequest signal 1 bit wide, but the slave is 0 bit wide.
Info: Interconnect is inserted between master npu_system_0.weight and slave weight_mem.s2 because the master has address signal 32 bit wide, but the slave is 10 bit wide.
Info: Interconnect is inserted between master npu_system_0.weight and slave weight_mem.s2 because the master has read signal 1 bit wide, but the slave is 0 bit wide.
Info: Interconnect is inserted between master npu_system_0.weight and slave weight_mem.s2 because the master has waitrequest signal 1 bit wide, but the slave is 0 bit wide.
Info: NonDPR: "Naming system components in system: NonDPR"
Info: NonDPR: "Processing generation queue"
Info: NonDPR: "Generating: NonDPR"
Info: NonDPR: "Generating: PR_Test_Top_clock_in"
Info: NonDPR: "Generating: data_mem"
Info: NonDPR: "Generating: NonDPR_master_0"
Info: NonDPR: "Generating: NonDPR_npu_system_0"
Info: NonDPR: "Generating: PR_Test_Top_reset_in"
Info: NonDPR: "Generating: weight_mem"
Info: NonDPR: "Generating: NonDPR_altera_mm_interconnect_1920_mcc4doa"
Info: NonDPR: "Generating: NonDPR_altera_mm_interconnect_1920_mxt6g6y"
Info: NonDPR: "Generating: NonDPR_altera_mm_interconnect_1920_zn5rfly"
Info: NonDPR: "Generating: altera_reset_controller"
Info: NonDPR: "Generating: NonDPR_altera_merlin_master_translator_192_lykd4la"
Info: NonDPR: "Generating: NonDPR_altera_merlin_slave_translator_191_x56fcki"
Info: NonDPR: "Generating: NonDPR_altera_merlin_master_agent_1922_fy3n5ti"
Info: NonDPR: "Generating: NonDPR_altera_merlin_slave_agent_1921_b6r3djy"
Info: NonDPR: "Generating: NonDPR_altera_avalon_sc_fifo_1932_5j7ufsq"
Info: NonDPR: "Generating: NonDPR_altera_merlin_router_1921_q52za3q"
Info: NonDPR: "Generating: NonDPR_altera_merlin_router_1921_6vgqkzy"
Info: NonDPR: "Generating: NonDPR_altera_merlin_traffic_limiter_1921_76whh4i"
Info: my_altera_avalon_sc_fifo_dest_id_fifo: "Generating: my_altera_avalon_sc_fifo_dest_id_fifo"
Info: NonDPR: "Generating: NonDPR_altera_merlin_demultiplexer_1921_qw6ro5i"
Info: NonDPR: "Generating: NonDPR_altera_merlin_multiplexer_1922_jaep5oy"
Info: NonDPR: "Generating: NonDPR_altera_merlin_demultiplexer_1921_xoz2pay"
Info: NonDPR: "Generating: NonDPR_altera_merlin_multiplexer_1922_tsizpoa"
Info: NonDPR: "Generating: NonDPR_altera_merlin_traffic_limiter_altera_avalon_sc_fifo_1921_2nqdnlq"
Info: NonDPR: Done "NonDPR" with 24 modules, 25 files
Info: Finished: Create HDL design files for synthesis
