Info: Generated by version: 24.1 build 115
Info: Starting: Create simulation model
Info: qsys-generate C:\Users\pchh520\Documents\part-4-project\SummerResearch\Memory\Buffers\DataBuffer2.ip --simulation=VHDL --allow-mixed-language-simulation --simulator=MODELSIM --output-directory=C:\Users\pchh520\Documents\part-4-project\SummerResearch\Memory\Buffers\DataBuffer2 --family="Arria 10" --part=10AS066N3F40E2SG
: DataBuffer2.ram_2port_0: Targeting device family: Arria 10.
: DataBuffer2.ram_2port_0: In 'Performance Optimization' tab, Arria 10 does not support 'Timing/Power Optimization' feature.
Info: DataBuffer2: "Transforming system: DataBuffer2"
Info: DataBuffer2: "Naming system components in system: DataBuffer2"
Info: DataBuffer2: "Processing generation queue"
Info: DataBuffer2: "Generating: DataBuffer2"
Info: DataBuffer2: "Generating: DataBuffer2_ram_2port_2041_gzns2wq"
Info: DataBuffer2: Done "DataBuffer2" with 2 modules, 2 files
Info: Generating the following file(s) for MODELSIM simulator in C:/Users/pchh520/Documents/part-4-project/SummerResearch/Memory/Buffers/DataBuffer2/sim/ directory:
Info: 	common/modelsim_files.tcl
Info: For information on how to simulate your IP, see the explanatory comments in the simulator-specific subdirectories under C:/Users/pchh520/Documents/part-4-project/SummerResearch/Memory/Buffers/DataBuffer2/sim/.
Info: Regenerate these scripts whenever you make any change to any Quartus-generated IP in your project.
Info: Finished: Create simulation model
Info: Starting: Create simulation script
Info: sim-script-gen --system-file=C:\Users\pchh520\Documents\part-4-project\SummerResearch\Memory\Buffers\DataBuffer2.ip --simulator=MODELSIM --output-directory=C:/Users/pchh520/Documents/part-4-project/SummerResearch/Memory/Buffers/DataBuffer2/sim/ --use-relative-paths=true --modelsim-flow=traditional
Info: Generating the following file(s) for MODELSIM simulator in C:/Users/pchh520/Documents/part-4-project/SummerResearch/Memory/Buffers/DataBuffer2/sim/ directory:
Info: 	mentor/msim_setup.tcl
Info: For information on how to simulate your IP, see the explanatory comments in the simulator-specific subdirectories under C:/Users/pchh520/Documents/part-4-project/SummerResearch/Memory/Buffers/DataBuffer2/sim/.
Info: Regenerate these scripts whenever you make any change to any Quartus-generated IP in your project.
Info: Finished: Create simulation script
Info: Starting: Create block symbol file (.bsf)
Info: qsys-generate C:\Users\pchh520\Documents\part-4-project\SummerResearch\Memory\Buffers\DataBuffer2.ip --block-symbol-file --output-directory=C:\Users\pchh520\Documents\part-4-project\SummerResearch\Memory\Buffers\DataBuffer2 --family="Arria 10" --part=10AS066N3F40E2SG
: DataBuffer2.ram_2port_0: Targeting device family: Arria 10.
: DataBuffer2.ram_2port_0: In 'Performance Optimization' tab, Arria 10 does not support 'Timing/Power Optimization' feature.
Info: Finished: Create block symbol file (.bsf)
Info: 
Info: Starting: Create HDL design files for synthesis
Info: qsys-generate C:\Users\pchh520\Documents\part-4-project\SummerResearch\Memory\Buffers\DataBuffer2.ip --synthesis=VHDL --output-directory=C:\Users\pchh520\Documents\part-4-project\SummerResearch\Memory\Buffers\DataBuffer2 --family="Arria 10" --part=10AS066N3F40E2SG
: DataBuffer2.ram_2port_0: Targeting device family: Arria 10.
: DataBuffer2.ram_2port_0: In 'Performance Optimization' tab, Arria 10 does not support 'Timing/Power Optimization' feature.
Info: DataBuffer2: "Transforming system: DataBuffer2"
Info: DataBuffer2: "Naming system components in system: DataBuffer2"
Info: DataBuffer2: "Processing generation queue"
Info: DataBuffer2: "Generating: DataBuffer2"
Info: DataBuffer2: "Generating: DataBuffer2_ram_2port_2041_gzns2wq"
Info: DataBuffer2: Done "DataBuffer2" with 2 modules, 2 files
Info: Finished: Create HDL design files for synthesis
Info: Starting: Generate IP Core Documentation
Info: No documentation filesets were found for components in DataBuffer2. No files generated.
Info: Finished: Generate IP Core Documentation
