Info: Generated by version: 25.3 build 109
Info: Starting: Create simulation model
Info: qsys-generate /home/pratham/Documents/Github/part-4-project/SummerResearch/Memory/Buffers/WeightBuffer1.ip --simulation=VHDL --allow-mixed-language-simulation --simulator=MODELSIM --output-directory=/home/pratham/Documents/Github/part-4-project/SummerResearch/Memory/Buffers/WeightBuffer1 --family="Arria 10" --part=10AS066N3F40E2SG
: WeightBuffer1.ram_2port_0: Targeting device family: Arria 10.
: WeightBuffer1.ram_2port_0: In 'Performance Optimization' tab, Arria 10 does not support 'Timing/Power Optimization' feature.
Info: WeightBuffer1: "Transforming system: WeightBuffer1"
Info: WeightBuffer1: "Naming system components in system: WeightBuffer1"
Info: WeightBuffer1: "Processing generation queue"
Info: WeightBuffer1: "Generating: WeightBuffer1"
Info: WeightBuffer1: "Generating: WeightBuffer1_ram_2port_2060_o45v4qi"
Info: WeightBuffer1: Done "WeightBuffer1" with 2 modules, 2 files
Info: Generating the following file(s) for MODELSIM simulator in /home/pratham/Documents/Github/part-4-project/SummerResearch/Memory/Buffers/WeightBuffer1/sim/ directory:
Info: 	common/modelsim_files.tcl
Info: For information on how to simulate your IP, see the explanatory comments in the simulator-specific subdirectories under /home/pratham/Documents/Github/part-4-project/SummerResearch/Memory/Buffers/WeightBuffer1/sim/.
Info: Regenerate these scripts whenever you make any change to any Quartus-generated IP in your project.
Info: Finished: Create simulation model
Info: Starting: Create simulation script
Info: sim-script-gen --system-file=/home/pratham/Documents/Github/part-4-project/SummerResearch/Memory/Buffers/WeightBuffer1.ip --simulator=MODELSIM --output-directory=/home/pratham/Documents/Github/part-4-project/SummerResearch/Memory/Buffers/WeightBuffer1/sim/ --use-relative-paths=true --modelsim-flow=traditional
Info: Generating the following file(s) for MODELSIM simulator in /home/pratham/Documents/Github/part-4-project/SummerResearch/Memory/Buffers/WeightBuffer1/sim/ directory:
Info: 	mentor/msim_setup.tcl
Info: 	mentor/run_msim_setup.tcl
Info: For information on how to simulate your IP, see the explanatory comments in the simulator-specific subdirectories under /home/pratham/Documents/Github/part-4-project/SummerResearch/Memory/Buffers/WeightBuffer1/sim/.
Info: Regenerate these scripts whenever you make any change to any Quartus-generated IP in your project.
Info: Finished: Create simulation script
Info: 
Info: Starting: Create HDL design files for synthesis
Info: qsys-generate /home/pratham/Documents/Github/part-4-project/SummerResearch/Memory/Buffers/WeightBuffer1.ip --synthesis=VHDL --output-directory=/home/pratham/Documents/Github/part-4-project/SummerResearch/Memory/Buffers/WeightBuffer1 --family="Arria 10" --part=10AS066N3F40E2SG
: WeightBuffer1.ram_2port_0: Targeting device family: Arria 10.
: WeightBuffer1.ram_2port_0: In 'Performance Optimization' tab, Arria 10 does not support 'Timing/Power Optimization' feature.
Info: WeightBuffer1: "Transforming system: WeightBuffer1"
Info: WeightBuffer1: "Naming system components in system: WeightBuffer1"
Info: WeightBuffer1: "Processing generation queue"
Info: WeightBuffer1: "Generating: WeightBuffer1"
Info: WeightBuffer1: "Generating: WeightBuffer1_ram_2port_2060_o45v4qi"
Info: WeightBuffer1: Done "WeightBuffer1" with 2 modules, 2 files
Info: Finished: Create HDL design files for synthesis
Info: Starting: Generate IP Core Documentation
Info: No documentation filesets were found for components in WeightBuffer1. No files generated.
Info: Finished: Generate IP Core Documentation
