Archive member included to satisfy reference by file (symbol)

../p4p_coprocessor_bsp/\libhal_bsp.a(alt_getchar.o)
                              obj/default/hello_world.o (alt_getchar)
../p4p_coprocessor_bsp/\libhal_bsp.a(alt_load.o)
                              ../p4p_coprocessor_bsp//obj/HAL/src/crt0.o (alt_load)
../p4p_coprocessor_bsp/\libhal_bsp.a(alt_main.o)
                              ../p4p_coprocessor_bsp//obj/HAL/src/crt0.o (alt_main)
../p4p_coprocessor_bsp/\libhal_bsp.a(alt_sys_init.o)
                              ../p4p_coprocessor_bsp/\libhal_bsp.a(alt_main.o) (alt_irq_init)
../p4p_coprocessor_bsp/\libhal_bsp.a(altera_avalon_jtag_uart_fd.o)
                              ../p4p_coprocessor_bsp/\libhal_bsp.a(alt_sys_init.o) (altera_avalon_jtag_uart_read_fd)
../p4p_coprocessor_bsp/\libhal_bsp.a(altera_avalon_jtag_uart_read.o)
                              ../p4p_coprocessor_bsp/\libhal_bsp.a(altera_avalon_jtag_uart_fd.o) (altera_avalon_jtag_uart_read)
../p4p_coprocessor_bsp/\libhal_bsp.a(altera_avalon_jtag_uart_write.o)
                              ../p4p_coprocessor_bsp/\libhal_bsp.a(altera_avalon_jtag_uart_fd.o) (altera_avalon_jtag_uart_write)
../p4p_coprocessor_bsp/\libhal_bsp.a(altera_avalon_timer_vars.o)
                              ../p4p_coprocessor_bsp/\libhal_bsp.a(alt_sys_init.o) (altera_avalon_timer_ts_base)
../p4p_coprocessor_bsp/\libhal_bsp.a(alt_close.o)
                              ../p4p_coprocessor_bsp/\libhal_bsp.a(alt_main.o) (close)
../p4p_coprocessor_bsp/\libhal_bsp.a(alt_dcache_flush_all.o)
                              ../p4p_coprocessor_bsp/\libhal_bsp.a(alt_load.o) (alt_dcache_flush_all)
../p4p_coprocessor_bsp/\libhal_bsp.a(alt_dev.o)
                              ../p4p_coprocessor_bsp/\libhal_bsp.a(alt_sys_init.o) (alt_dev_list)
../p4p_coprocessor_bsp/\libhal_bsp.a(alt_dev_llist_insert.o)
                              ../p4p_coprocessor_bsp/\libhal_bsp.a(alt_sys_init.o) (alt_dev_llist_insert)
../p4p_coprocessor_bsp/\libhal_bsp.a(alt_do_ctors.o)
                              ../p4p_coprocessor_bsp/\libhal_bsp.a(alt_main.o) (_do_ctors)
../p4p_coprocessor_bsp/\libhal_bsp.a(alt_do_dtors.o)
                              ../p4p_coprocessor_bsp/\libhal_bsp.a(alt_main.o) (_do_dtors)
../p4p_coprocessor_bsp/\libhal_bsp.a(alt_errno.o)
                              ../p4p_coprocessor_bsp/\libhal_bsp.a(alt_close.o) (alt_errno)
../p4p_coprocessor_bsp/\libhal_bsp.a(alt_icache_flush_all.o)
                              ../p4p_coprocessor_bsp/\libhal_bsp.a(alt_load.o) (alt_icache_flush_all)
../p4p_coprocessor_bsp/\libhal_bsp.a(alt_io_redirect.o)
                              ../p4p_coprocessor_bsp/\libhal_bsp.a(alt_main.o) (alt_io_redirect)
../p4p_coprocessor_bsp/\libhal_bsp.a(alt_open.o)
                              ../p4p_coprocessor_bsp/\libhal_bsp.a(alt_io_redirect.o) (open)
../p4p_coprocessor_bsp/\libhal_bsp.a(alt_release_fd.o)
                              ../p4p_coprocessor_bsp/\libhal_bsp.a(alt_close.o) (alt_release_fd)
../p4p_coprocessor_bsp/\libhal_bsp.a(altera_nios2_gen2_irq.o)
                              ../p4p_coprocessor_bsp/\libhal_bsp.a(alt_sys_init.o) (altera_nios2_gen2_irq_init)
../p4p_coprocessor_bsp/\libhal_bsp.a(alt_find_dev.o)
                              ../p4p_coprocessor_bsp/\libhal_bsp.a(alt_open.o) (alt_find_dev)
../p4p_coprocessor_bsp/\libhal_bsp.a(alt_find_file.o)
                              ../p4p_coprocessor_bsp/\libhal_bsp.a(alt_open.o) (alt_find_file)
../p4p_coprocessor_bsp/\libhal_bsp.a(alt_get_fd.o)
                              ../p4p_coprocessor_bsp/\libhal_bsp.a(alt_open.o) (alt_get_fd)
../p4p_coprocessor_bsp/\libhal_bsp.a(alt_icache_flush.o)
                              ../p4p_coprocessor_bsp/\libhal_bsp.a(alt_icache_flush_all.o) (alt_icache_flush)
c:/intelfpga_lite/18.1/nios2eds/bin/gnu/h-x86_64-mingw32/bin/../lib/gcc/nios2-elf/5.3.0/../../../../../H-x86_64-mingw32/nios2-elf/lib\libsmallc.a(lib_a-atexit.o)
                              ../p4p_coprocessor_bsp/\libhal_bsp.a(alt_main.o) (atexit)
c:/intelfpga_lite/18.1/nios2eds/bin/gnu/h-x86_64-mingw32/bin/../lib/gcc/nios2-elf/5.3.0/../../../../../H-x86_64-mingw32/nios2-elf/lib\libsmallc.a(lib_a-exit.o)
                              ../p4p_coprocessor_bsp/\libhal_bsp.a(alt_main.o) (exit)
c:/intelfpga_lite/18.1/nios2eds/bin/gnu/h-x86_64-mingw32/bin/../lib/gcc/nios2-elf/5.3.0/../../../../../H-x86_64-mingw32/nios2-elf/lib\libsmallc.a(lib_a-impure.o)
                              ../p4p_coprocessor_bsp/\libhal_bsp.a(alt_getchar.o) (_impure_ptr)
c:/intelfpga_lite/18.1/nios2eds/bin/gnu/h-x86_64-mingw32/bin/../lib/gcc/nios2-elf/5.3.0/../../../../../H-x86_64-mingw32/nios2-elf/lib\libsmallc.a(lib_a-int_errno.o)
                              ../p4p_coprocessor_bsp/\libhal_bsp.a(alt_close.o) (errno)
c:/intelfpga_lite/18.1/nios2eds/bin/gnu/h-x86_64-mingw32/bin/../lib/gcc/nios2-elf/5.3.0/../../../../../H-x86_64-mingw32/nios2-elf/lib\libsmallc.a(lib_a-memcmp.o)
                              ../p4p_coprocessor_bsp/\libhal_bsp.a(alt_find_dev.o) (memcmp)
c:/intelfpga_lite/18.1/nios2eds/bin/gnu/h-x86_64-mingw32/bin/../lib/gcc/nios2-elf/5.3.0/../../../../../H-x86_64-mingw32/nios2-elf/lib\libsmallc.a(lib_a-strlen.o)
                              ../p4p_coprocessor_bsp/\libhal_bsp.a(alt_find_dev.o) (strlen)
c:/intelfpga_lite/18.1/nios2eds/bin/gnu/h-x86_64-mingw32/bin/../lib/gcc/nios2-elf/5.3.0/../../../../../H-x86_64-mingw32/nios2-elf/lib\libsmallc.a(lib_a-__atexit.o)
                              c:/intelfpga_lite/18.1/nios2eds/bin/gnu/h-x86_64-mingw32/bin/../lib/gcc/nios2-elf/5.3.0/../../../../../H-x86_64-mingw32/nios2-elf/lib\libsmallc.a(lib_a-atexit.o) (__register_exitproc)
c:/intelfpga_lite/18.1/nios2eds/bin/gnu/h-x86_64-mingw32/bin/../lib/gcc/nios2-elf/5.3.0/../../../../../H-x86_64-mingw32/nios2-elf/lib\libsmallc.a(lib_a-__call_atexit.o)
                              c:/intelfpga_lite/18.1/nios2eds/bin/gnu/h-x86_64-mingw32/bin/../lib/gcc/nios2-elf/5.3.0/../../../../../H-x86_64-mingw32/nios2-elf/lib\libsmallc.a(lib_a-exit.o) (__call_exitprocs)
../p4p_coprocessor_bsp/\libhal_bsp.a(alt_exit.o)
                              c:/intelfpga_lite/18.1/nios2eds/bin/gnu/h-x86_64-mingw32/bin/../lib/gcc/nios2-elf/5.3.0/../../../../../H-x86_64-mingw32/nios2-elf/lib\libsmallc.a(lib_a-exit.o) (_exit)

Allocating common symbols
Common symbol       size              file

errno               0x4               c:/intelfpga_lite/18.1/nios2eds/bin/gnu/h-x86_64-mingw32/bin/../lib/gcc/nios2-elf/5.3.0/../../../../../H-x86_64-mingw32/nios2-elf/lib\libsmallc.a(lib_a-int_errno.o)

Memory Configuration

Name             Origin             Length             Attributes
reset            0x0000000004000000 0x0000000000000020
sdram            0x0000000004000020 0x0000000003ffffe0
onchip_memory    0x0000000008008000 0x0000000000005000
DATA_BRAM        0x0000000008011000 0x0000000000000040
WEIGHT_BRAM      0x0000000008011080 0x0000000000000010
*default*        0x0000000000000000 0xffffffffffffffff

Linker script and memory map

LOAD ../p4p_coprocessor_bsp//obj/HAL/src/crt0.o
LOAD obj/default/hello_world.o
LOAD c:/intelfpga_lite/18.1/nios2eds/bin/gnu/h-x86_64-mingw32/bin/../lib/gcc/nios2-elf/5.3.0/../../../../../H-x86_64-mingw32/nios2-elf/lib\libstdc++.a
LOAD c:/intelfpga_lite/18.1/nios2eds/bin/gnu/h-x86_64-mingw32/bin/../lib/gcc/nios2-elf/5.3.0/../../../../../H-x86_64-mingw32/nios2-elf/lib\libm.a
LOAD c:/intelfpga_lite/18.1/nios2eds/bin/gnu/h-x86_64-mingw32/bin/../lib/gcc/nios2-elf/5.3.0\libgcc.a
START GROUP
LOAD c:/intelfpga_lite/18.1/nios2eds/bin/gnu/h-x86_64-mingw32/bin/../lib/gcc/nios2-elf/5.3.0/../../../../../H-x86_64-mingw32/nios2-elf/lib\libsmallc.a
LOAD c:/intelfpga_lite/18.1/nios2eds/bin/gnu/h-x86_64-mingw32/bin/../lib/gcc/nios2-elf/5.3.0\libgcc.a
LOAD ../p4p_coprocessor_bsp/\libhal_bsp.a
LOAD c:/intelfpga_lite/18.1/nios2eds/bin/gnu/h-x86_64-mingw32/bin/../lib/gcc/nios2-elf/5.3.0/../../../../../H-x86_64-mingw32/nios2-elf/lib\libm.a
END GROUP
LOAD c:/intelfpga_lite/18.1/nios2eds/bin/gnu/h-x86_64-mingw32/bin/../lib/gcc/nios2-elf/5.3.0\libgcc.a
                0x0000000004000000                __alt_mem_sdram = 0x4000000
                0x0000000008008000                __alt_mem_onchip_memory = 0x8008000
                0x0000000008011000                __alt_mem_DATA_BRAM = 0x8011000
                0x0000000008011080                __alt_mem_WEIGHT_BRAM = 0x8011080

.entry          0x0000000004000000       0x20
 *(.entry)
 .entry         0x0000000004000000       0x20 ../p4p_coprocessor_bsp//obj/HAL/src/crt0.o
                0x0000000004000000                __reset

.exceptions     0x0000000004000020        0x0
                0x0000000004000020                PROVIDE (__ram_exceptions_start, ABSOLUTE (.))
                0x0000000004000020                . = ALIGN (0x20)
 *(.irq)
 *(.exceptions.entry.label)
 *(.exceptions.entry.user)
 *(.exceptions.entry.ecc_fatal)
 *(.exceptions.entry)
 *(.exceptions.irqtest.user)
 *(.exceptions.irqtest)
 *(.exceptions.irqhandler.user)
 *(.exceptions.irqhandler)
 *(.exceptions.irqreturn.user)
 *(.exceptions.irqreturn)
 *(.exceptions.notirq.label)
 *(.exceptions.notirq.user)
 *(.exceptions.notirq)
 *(.exceptions.soft.user)
 *(.exceptions.soft)
 *(.exceptions.unknown.user)
 *(.exceptions.unknown)
 *(.exceptions.exit.label)
 *(.exceptions.exit.user)
 *(.exceptions.exit)
 *(.exceptions)
                0x0000000004000020                PROVIDE (__ram_exceptions_end, ABSOLUTE (.))
                0x0000000004000020                PROVIDE (__flash_exceptions_start, LOADADDR (.exceptions))

.text           0x0000000004000020     0x12f4
                [!provide]                        PROVIDE (stext, ABSOLUTE (.))
 *(.interp)
 *(.hash)
 *(.dynsym)
 *(.dynstr)
 *(.gnu.version)
 *(.gnu.version_d)
 *(.gnu.version_r)
 *(.rel.init)
 *(.rela.init)
 *(.rel.text .rel.text.* .rel.gnu.linkonce.t.*)
 *(.rela.text .rela.text.* .rela.gnu.linkonce.t.*)
 *(.rel.fini)
 *(.rela.fini)
 *(.rel.rodata .rel.rodata.* .rel.gnu.linkonce.r.*)
 *(.rela.rodata .rela.rodata.* .rela.gnu.linkonce.r.*)
 *(.rel.data .rel.data.* .rel.gnu.linkonce.d.*)
 *(.rela.data .rela.data.* .rela.gnu.linkonce.d.*)
 *(.rel.tdata .rel.tdata.* .rel.gnu.linkonce.td.*)
 *(.rela.tdata .rela.tdata.* .rela.gnu.linkonce.td.*)
 *(.rel.tbss .rel.tbss.* .rel.gnu.linkonce.tb.*)
 *(.rela.tbss .rela.tbss.* .rela.gnu.linkonce.tb.*)
 *(.rel.ctors)
 *(.rela.ctors)
 *(.rel.dtors)
 *(.rela.dtors)
 *(.rel.got)
 *(.rela.got)
 *(.rel.sdata .rel.sdata.* .rel.gnu.linkonce.s.*)
 *(.rela.sdata .rela.sdata.* .rela.gnu.linkonce.s.*)
 *(.rel.sbss .rel.sbss.* .rel.gnu.linkonce.sb.*)
 *(.rela.sbss .rela.sbss.* .rela.gnu.linkonce.sb.*)
 *(.rel.sdata2 .rel.sdata2.* .rel.gnu.linkonce.s2.*)
 *(.rela.sdata2 .rela.sdata2.* .rela.gnu.linkonce.s2.*)
 *(.rel.sbss2 .rel.sbss2.* .rel.gnu.linkonce.sb2.*)
 *(.rela.sbss2 .rela.sbss2.* .rela.gnu.linkonce.sb2.*)
 *(.rel.bss .rel.bss.* .rel.gnu.linkonce.b.*)
 *(.rela.bss .rela.bss.* .rela.gnu.linkonce.b.*)
 *(.rel.plt)
 *(.rela.plt)
 *(.rel.dyn)
 *(.init)
 *(.plt)
 *(.text .stub .text.* .gnu.linkonce.t.*)
 .text          0x0000000004000020       0x4c ../p4p_coprocessor_bsp//obj/HAL/src/crt0.o
                0x0000000004000020                _start
 .text          0x000000000400006c       0x3c obj/default/hello_world.o
                0x000000000400006c                main
 .text          0x00000000040000a8       0x34 ../p4p_coprocessor_bsp/\libhal_bsp.a(alt_getchar.o)
                0x00000000040000a8                alt_getchar
 .text          0x00000000040000dc       0xec ../p4p_coprocessor_bsp/\libhal_bsp.a(alt_load.o)
                0x0000000004000144                alt_load
 .text          0x00000000040001c8       0x7c ../p4p_coprocessor_bsp/\libhal_bsp.a(alt_main.o)
                0x00000000040001c8                alt_main
 .text          0x0000000004000244       0xb8 ../p4p_coprocessor_bsp/\libhal_bsp.a(alt_sys_init.o)
                0x0000000004000278                alt_irq_init
                0x00000000040002b0                alt_sys_init
 .text          0x00000000040002fc       0xc0 ../p4p_coprocessor_bsp/\libhal_bsp.a(altera_avalon_jtag_uart_fd.o)
                0x00000000040002fc                altera_avalon_jtag_uart_read_fd
                0x000000000400035c                altera_avalon_jtag_uart_write_fd
 .text          0x00000000040003bc       0xec ../p4p_coprocessor_bsp/\libhal_bsp.a(altera_avalon_jtag_uart_read.o)
                0x00000000040003bc                altera_avalon_jtag_uart_read
 .text          0x00000000040004a8       0x94 ../p4p_coprocessor_bsp/\libhal_bsp.a(altera_avalon_jtag_uart_write.o)
                0x00000000040004a8                altera_avalon_jtag_uart_write
 .text          0x000000000400053c        0x0 ../p4p_coprocessor_bsp/\libhal_bsp.a(altera_avalon_timer_vars.o)
 .text          0x000000000400053c      0x10c ../p4p_coprocessor_bsp/\libhal_bsp.a(alt_close.o)
                0x0000000004000578                close
 .text          0x0000000004000648       0x48 ../p4p_coprocessor_bsp/\libhal_bsp.a(alt_dcache_flush_all.o)
                0x0000000004000648                alt_dcache_flush_all
 .text          0x0000000004000690       0x2c ../p4p_coprocessor_bsp/\libhal_bsp.a(alt_dev.o)
 .text          0x00000000040006bc       0xe0 ../p4p_coprocessor_bsp/\libhal_bsp.a(alt_dev_llist_insert.o)
                0x00000000040006f8                alt_dev_llist_insert
 .text          0x000000000400079c       0x60 ../p4p_coprocessor_bsp/\libhal_bsp.a(alt_do_ctors.o)
                0x000000000400079c                _do_ctors
 .text          0x00000000040007fc       0x60 ../p4p_coprocessor_bsp/\libhal_bsp.a(alt_do_dtors.o)
                0x00000000040007fc                _do_dtors
 .text          0x000000000400085c        0x0 ../p4p_coprocessor_bsp/\libhal_bsp.a(alt_errno.o)
 .text          0x000000000400085c       0x34 ../p4p_coprocessor_bsp/\libhal_bsp.a(alt_icache_flush_all.o)
                0x000000000400085c                alt_icache_flush_all
 .text          0x0000000004000890      0x140 ../p4p_coprocessor_bsp/\libhal_bsp.a(alt_io_redirect.o)
                0x0000000004000954                alt_io_redirect
 .text          0x00000000040009d0      0x254 ../p4p_coprocessor_bsp/\libhal_bsp.a(alt_open.o)
                0x0000000004000ad0                open
 .text          0x0000000004000c24       0x64 ../p4p_coprocessor_bsp/\libhal_bsp.a(alt_release_fd.o)
                0x0000000004000c24                alt_release_fd
 .text          0x0000000004000c88       0x24 ../p4p_coprocessor_bsp/\libhal_bsp.a(altera_nios2_gen2_irq.o)
                0x0000000004000c88                altera_nios2_gen2_irq_init
 .text          0x0000000004000cac       0x90 ../p4p_coprocessor_bsp/\libhal_bsp.a(alt_find_dev.o)
                0x0000000004000cac                alt_find_dev
 .text          0x0000000004000d3c      0x108 ../p4p_coprocessor_bsp/\libhal_bsp.a(alt_find_file.o)
                0x0000000004000d3c                alt_find_file
 .text          0x0000000004000e44       0xa4 ../p4p_coprocessor_bsp/\libhal_bsp.a(alt_get_fd.o)
                0x0000000004000e44                alt_get_fd
 .text          0x0000000004000ee8       0x90 ../p4p_coprocessor_bsp/\libhal_bsp.a(alt_icache_flush.o)
                0x0000000004000ee8                alt_icache_flush
 .text          0x0000000004000f78        0x0 c:/intelfpga_lite/18.1/nios2eds/bin/gnu/h-x86_64-mingw32/bin/../lib/gcc/nios2-elf/5.3.0/../../../../../H-x86_64-mingw32/nios2-elf/lib\libsmallc.a(lib_a-atexit.o)
 .text.atexit   0x0000000004000f78       0x14 c:/intelfpga_lite/18.1/nios2eds/bin/gnu/h-x86_64-mingw32/bin/../lib/gcc/nios2-elf/5.3.0/../../../../../H-x86_64-mingw32/nios2-elf/lib\libsmallc.a(lib_a-atexit.o)
                0x0000000004000f78                atexit
 .text          0x0000000004000f8c        0x0 c:/intelfpga_lite/18.1/nios2eds/bin/gnu/h-x86_64-mingw32/bin/../lib/gcc/nios2-elf/5.3.0/../../../../../H-x86_64-mingw32/nios2-elf/lib\libsmallc.a(lib_a-exit.o)
 .text.exit     0x0000000004000f8c       0x20 c:/intelfpga_lite/18.1/nios2eds/bin/gnu/h-x86_64-mingw32/bin/../lib/gcc/nios2-elf/5.3.0/../../../../../H-x86_64-mingw32/nios2-elf/lib\libsmallc.a(lib_a-exit.o)
                0x0000000004000f8c                exit
 .text          0x0000000004000fac        0x0 c:/intelfpga_lite/18.1/nios2eds/bin/gnu/h-x86_64-mingw32/bin/../lib/gcc/nios2-elf/5.3.0/../../../../../H-x86_64-mingw32/nios2-elf/lib\libsmallc.a(lib_a-impure.o)
 .text          0x0000000004000fac        0x0 c:/intelfpga_lite/18.1/nios2eds/bin/gnu/h-x86_64-mingw32/bin/../lib/gcc/nios2-elf/5.3.0/../../../../../H-x86_64-mingw32/nios2-elf/lib\libsmallc.a(lib_a-int_errno.o)
 .text          0x0000000004000fac        0x0 c:/intelfpga_lite/18.1/nios2eds/bin/gnu/h-x86_64-mingw32/bin/../lib/gcc/nios2-elf/5.3.0/../../../../../H-x86_64-mingw32/nios2-elf/lib\libsmallc.a(lib_a-memcmp.o)
 .text.memcmp   0x0000000004000fac       0x30 c:/intelfpga_lite/18.1/nios2eds/bin/gnu/h-x86_64-mingw32/bin/../lib/gcc/nios2-elf/5.3.0/../../../../../H-x86_64-mingw32/nios2-elf/lib\libsmallc.a(lib_a-memcmp.o)
                0x0000000004000fac                memcmp
 .text          0x0000000004000fdc        0x0 c:/intelfpga_lite/18.1/nios2eds/bin/gnu/h-x86_64-mingw32/bin/../lib/gcc/nios2-elf/5.3.0/../../../../../H-x86_64-mingw32/nios2-elf/lib\libsmallc.a(lib_a-strlen.o)
 .text.strlen   0x0000000004000fdc       0x1c c:/intelfpga_lite/18.1/nios2eds/bin/gnu/h-x86_64-mingw32/bin/../lib/gcc/nios2-elf/5.3.0/../../../../../H-x86_64-mingw32/nios2-elf/lib\libsmallc.a(lib_a-strlen.o)
                0x0000000004000fdc                strlen
 .text          0x0000000004000ff8        0x0 c:/intelfpga_lite/18.1/nios2eds/bin/gnu/h-x86_64-mingw32/bin/../lib/gcc/nios2-elf/5.3.0/../../../../../H-x86_64-mingw32/nios2-elf/lib\libsmallc.a(lib_a-__atexit.o)
 .text.__register_exitproc
                0x0000000004000ff8      0x158 c:/intelfpga_lite/18.1/nios2eds/bin/gnu/h-x86_64-mingw32/bin/../lib/gcc/nios2-elf/5.3.0/../../../../../H-x86_64-mingw32/nios2-elf/lib\libsmallc.a(lib_a-__atexit.o)
                0x0000000004000ff8                __register_exitproc
 .text          0x0000000004001150        0x0 c:/intelfpga_lite/18.1/nios2eds/bin/gnu/h-x86_64-mingw32/bin/../lib/gcc/nios2-elf/5.3.0/../../../../../H-x86_64-mingw32/nios2-elf/lib\libsmallc.a(lib_a-__call_atexit.o)
 .text.__call_exitprocs
                0x0000000004001150      0x190 c:/intelfpga_lite/18.1/nios2eds/bin/gnu/h-x86_64-mingw32/bin/../lib/gcc/nios2-elf/5.3.0/../../../../../H-x86_64-mingw32/nios2-elf/lib\libsmallc.a(lib_a-__call_atexit.o)
                0x0000000004001150                __call_exitprocs
 .text          0x00000000040012e0       0x34 ../p4p_coprocessor_bsp/\libhal_bsp.a(alt_exit.o)
                0x00000000040012e0                _exit
 *(.gnu.warning.*)
 *(.fini)
                [!provide]                        PROVIDE (__etext, ABSOLUTE (.))
                [!provide]                        PROVIDE (_etext, ABSOLUTE (.))
                [!provide]                        PROVIDE (etext, ABSOLUTE (.))
 *(.eh_frame_hdr)
                0x0000000004001314                . = ALIGN (0x4)
                [!provide]                        PROVIDE (__preinit_array_start, ABSOLUTE (.))
 *(.preinit_array)
                [!provide]                        PROVIDE (__preinit_array_end, ABSOLUTE (.))
                [!provide]                        PROVIDE (__init_array_start, ABSOLUTE (.))
 *(.init_array)
                [!provide]                        PROVIDE (__init_array_end, ABSOLUTE (.))
                [!provide]                        PROVIDE (__fini_array_start, ABSOLUTE (.))
 *(.fini_array)
                [!provide]                        PROVIDE (__fini_array_end, ABSOLUTE (.))
 *(.eh_frame)
 *(.gcc_except_table .gcc_except_table.*)
 *(.dynamic)
                0x0000000004001314                PROVIDE (__CTOR_LIST__, ABSOLUTE (.))
 *(.ctors)
 *(SORT(.ctors.*))
                0x0000000004001314                PROVIDE (__CTOR_END__, ABSOLUTE (.))
                0x0000000004001314                PROVIDE (__DTOR_LIST__, ABSOLUTE (.))
 *(.dtors)
 *(SORT(.dtors.*))
                0x0000000004001314                PROVIDE (__DTOR_END__, ABSOLUTE (.))
 *(.jcr)
                0x0000000004001314                . = ALIGN (0x4)

.rodata         0x0000000004001314       0x2c
                0x0000000004001314                PROVIDE (__ram_rodata_start, ABSOLUTE (.))
                0x0000000004001314                . = ALIGN (0x4)
 *(.rodata .rodata.* .gnu.linkonce.r.*)
 .rodata        0x0000000004001314        0xf ../p4p_coprocessor_bsp/\libhal_bsp.a(alt_main.o)
 *fill*         0x0000000004001323        0x1 
 .rodata        0x0000000004001324        0xf ../p4p_coprocessor_bsp/\libhal_bsp.a(alt_sys_init.o)
 *fill*         0x0000000004001333        0x1 
 .rodata        0x0000000004001334        0xa ../p4p_coprocessor_bsp/\libhal_bsp.a(alt_dev.o)
 *(.rodata1)
                0x0000000004001340                . = ALIGN (0x4)
 *fill*         0x000000000400133e        0x2 
                0x0000000004001340                PROVIDE (__ram_rodata_end, ABSOLUTE (.))
                0x0000000004001314                PROVIDE (__flash_rodata_start, LOADADDR (.rodata))

.rwdata         0x0000000004001340      0x2d4 load address 0x0000000004001614
                0x0000000004001340                PROVIDE (__ram_rwdata_start, ABSOLUTE (.))
                0x0000000004001340                . = ALIGN (0x4)
 *(.got.plt)
 *(.got)
 *(.data1)
 *(.data .data.* .gnu.linkonce.d.*)
 .data          0x0000000004001340        0x0 ../p4p_coprocessor_bsp//obj/HAL/src/crt0.o
 .data          0x0000000004001340        0x0 obj/default/hello_world.o
 .data          0x0000000004001340        0x0 ../p4p_coprocessor_bsp/\libhal_bsp.a(alt_getchar.o)
 .data          0x0000000004001340        0x0 ../p4p_coprocessor_bsp/\libhal_bsp.a(alt_load.o)
 .data          0x0000000004001340        0x0 ../p4p_coprocessor_bsp/\libhal_bsp.a(alt_main.o)
 .data          0x0000000004001340       0x2c ../p4p_coprocessor_bsp/\libhal_bsp.a(alt_sys_init.o)
 .data          0x000000000400136c        0x0 ../p4p_coprocessor_bsp/\libhal_bsp.a(altera_avalon_jtag_uart_fd.o)
 .data          0x000000000400136c        0x0 ../p4p_coprocessor_bsp/\libhal_bsp.a(altera_avalon_jtag_uart_read.o)
 .data          0x000000000400136c        0x0 ../p4p_coprocessor_bsp/\libhal_bsp.a(altera_avalon_jtag_uart_write.o)
 .data          0x000000000400136c        0x0 ../p4p_coprocessor_bsp/\libhal_bsp.a(altera_avalon_timer_vars.o)
 .data          0x000000000400136c        0x0 ../p4p_coprocessor_bsp/\libhal_bsp.a(alt_close.o)
 .data          0x000000000400136c        0x0 ../p4p_coprocessor_bsp/\libhal_bsp.a(alt_dcache_flush_all.o)
 .data          0x000000000400136c      0x1a8 ../p4p_coprocessor_bsp/\libhal_bsp.a(alt_dev.o)
                0x000000000400136c                alt_dev_null
                0x0000000004001394                alt_fd_list
 .data          0x0000000004001514        0x0 ../p4p_coprocessor_bsp/\libhal_bsp.a(alt_dev_llist_insert.o)
 .data          0x0000000004001514        0x0 ../p4p_coprocessor_bsp/\libhal_bsp.a(alt_do_ctors.o)
 .data          0x0000000004001514        0x0 ../p4p_coprocessor_bsp/\libhal_bsp.a(alt_do_dtors.o)
 .data          0x0000000004001514        0x0 ../p4p_coprocessor_bsp/\libhal_bsp.a(alt_errno.o)
 .data          0x0000000004001514        0x0 ../p4p_coprocessor_bsp/\libhal_bsp.a(alt_icache_flush_all.o)
 .data          0x0000000004001514        0x0 ../p4p_coprocessor_bsp/\libhal_bsp.a(alt_io_redirect.o)
 .data          0x0000000004001514        0x0 ../p4p_coprocessor_bsp/\libhal_bsp.a(alt_open.o)
 .data          0x0000000004001514        0x0 ../p4p_coprocessor_bsp/\libhal_bsp.a(alt_release_fd.o)
 .data          0x0000000004001514        0x0 ../p4p_coprocessor_bsp/\libhal_bsp.a(altera_nios2_gen2_irq.o)
 .data          0x0000000004001514        0x0 ../p4p_coprocessor_bsp/\libhal_bsp.a(alt_find_dev.o)
 .data          0x0000000004001514        0x0 ../p4p_coprocessor_bsp/\libhal_bsp.a(alt_find_file.o)
 .data          0x0000000004001514        0x0 ../p4p_coprocessor_bsp/\libhal_bsp.a(alt_get_fd.o)
 .data          0x0000000004001514        0x0 ../p4p_coprocessor_bsp/\libhal_bsp.a(alt_icache_flush.o)
 .data          0x0000000004001514        0x0 c:/intelfpga_lite/18.1/nios2eds/bin/gnu/h-x86_64-mingw32/bin/../lib/gcc/nios2-elf/5.3.0/../../../../../H-x86_64-mingw32/nios2-elf/lib\libsmallc.a(lib_a-atexit.o)
 .data          0x0000000004001514        0x0 c:/intelfpga_lite/18.1/nios2eds/bin/gnu/h-x86_64-mingw32/bin/../lib/gcc/nios2-elf/5.3.0/../../../../../H-x86_64-mingw32/nios2-elf/lib\libsmallc.a(lib_a-exit.o)
 .data          0x0000000004001514        0x0 c:/intelfpga_lite/18.1/nios2eds/bin/gnu/h-x86_64-mingw32/bin/../lib/gcc/nios2-elf/5.3.0/../../../../../H-x86_64-mingw32/nios2-elf/lib\libsmallc.a(lib_a-impure.o)
 .data.impure_data
                0x0000000004001514       0xe0 c:/intelfpga_lite/18.1/nios2eds/bin/gnu/h-x86_64-mingw32/bin/../lib/gcc/nios2-elf/5.3.0/../../../../../H-x86_64-mingw32/nios2-elf/lib\libsmallc.a(lib_a-impure.o)
 .data          0x00000000040015f4        0x0 c:/intelfpga_lite/18.1/nios2eds/bin/gnu/h-x86_64-mingw32/bin/../lib/gcc/nios2-elf/5.3.0/../../../../../H-x86_64-mingw32/nios2-elf/lib\libsmallc.a(lib_a-int_errno.o)
 .data          0x00000000040015f4        0x0 c:/intelfpga_lite/18.1/nios2eds/bin/gnu/h-x86_64-mingw32/bin/../lib/gcc/nios2-elf/5.3.0/../../../../../H-x86_64-mingw32/nios2-elf/lib\libsmallc.a(lib_a-memcmp.o)
 .data          0x00000000040015f4        0x0 c:/intelfpga_lite/18.1/nios2eds/bin/gnu/h-x86_64-mingw32/bin/../lib/gcc/nios2-elf/5.3.0/../../../../../H-x86_64-mingw32/nios2-elf/lib\libsmallc.a(lib_a-strlen.o)
 .data          0x00000000040015f4        0x0 c:/intelfpga_lite/18.1/nios2eds/bin/gnu/h-x86_64-mingw32/bin/../lib/gcc/nios2-elf/5.3.0/../../../../../H-x86_64-mingw32/nios2-elf/lib\libsmallc.a(lib_a-__atexit.o)
 .data          0x00000000040015f4        0x0 c:/intelfpga_lite/18.1/nios2eds/bin/gnu/h-x86_64-mingw32/bin/../lib/gcc/nios2-elf/5.3.0/../../../../../H-x86_64-mingw32/nios2-elf/lib\libsmallc.a(lib_a-__call_atexit.o)
 .data          0x00000000040015f4        0x0 ../p4p_coprocessor_bsp/\libhal_bsp.a(alt_exit.o)
                0x00000000040095f4                _gp = ABSOLUTE ((. + 0x8000))
                [!provide]                        PROVIDE (gp, _gp)
 *(.rwdata .rwdata.*)
 *(.sdata .sdata.* .gnu.linkonce.s.*)
 .sdata         0x00000000040015f4       0x14 ../p4p_coprocessor_bsp/\libhal_bsp.a(alt_dev.o)
                0x00000000040015f4                alt_fs_list
                0x00000000040015fc                alt_dev_list
                0x0000000004001604                alt_max_fd
 .sdata         0x0000000004001608        0x4 ../p4p_coprocessor_bsp/\libhal_bsp.a(alt_errno.o)
                0x0000000004001608                alt_errno
 .sdata._global_impure_ptr
                0x000000000400160c        0x4 c:/intelfpga_lite/18.1/nios2eds/bin/gnu/h-x86_64-mingw32/bin/../lib/gcc/nios2-elf/5.3.0/../../../../../H-x86_64-mingw32/nios2-elf/lib\libsmallc.a(lib_a-impure.o)
                0x000000000400160c                _global_impure_ptr
 .sdata._impure_ptr
                0x0000000004001610        0x4 c:/intelfpga_lite/18.1/nios2eds/bin/gnu/h-x86_64-mingw32/bin/../lib/gcc/nios2-elf/5.3.0/../../../../../H-x86_64-mingw32/nios2-elf/lib\libsmallc.a(lib_a-impure.o)
                0x0000000004001610                _impure_ptr
 *(.sdata2 .sdata2.* .gnu.linkonce.s2.*)
                0x0000000004001614                . = ALIGN (0x4)
                0x0000000004001614                _edata = ABSOLUTE (.)
                [!provide]                        PROVIDE (edata, ABSOLUTE (.))
                0x0000000004001614                PROVIDE (__ram_rwdata_end, ABSOLUTE (.))
                0x0000000004001614                PROVIDE (__flash_rwdata_start, LOADADDR (.rwdata))

.bss            0x00000000040018e8       0x18
                0x00000000040018e8                __bss_start = ABSOLUTE (.)
                [!provide]                        PROVIDE (__sbss_start, ABSOLUTE (.))
                [!provide]                        PROVIDE (___sbss_start, ABSOLUTE (.))
 *(.dynsbss)
 *(.sbss .sbss.* .gnu.linkonce.sb.*)
 .sbss          0x00000000040018e8        0xc ../p4p_coprocessor_bsp/\libhal_bsp.a(alt_main.o)
                0x00000000040018e8                alt_argc
                0x00000000040018ec                alt_argv
                0x00000000040018f0                alt_envp
 .sbss          0x00000000040018f4        0x8 ../p4p_coprocessor_bsp/\libhal_bsp.a(altera_avalon_timer_vars.o)
                0x00000000040018f4                altera_avalon_timer_ts_base
                0x00000000040018f8                altera_avalon_timer_ts_freq
 .sbss          0x00000000040018fc        0x4 c:/intelfpga_lite/18.1/nios2eds/bin/gnu/h-x86_64-mingw32/bin/../lib/gcc/nios2-elf/5.3.0/../../../../../H-x86_64-mingw32/nios2-elf/lib\libsmallc.a(lib_a-int_errno.o)
                0x00000000040018fc                errno
 *(.sbss2 .sbss2.* .gnu.linkonce.sb2.*)
 *(.scommon)
                [!provide]                        PROVIDE (__sbss_end, ABSOLUTE (.))
                [!provide]                        PROVIDE (___sbss_end, ABSOLUTE (.))
 *(.dynbss)
 *(.bss .bss.* .gnu.linkonce.b.*)
 .bss           0x0000000004001900        0x0 ../p4p_coprocessor_bsp//obj/HAL/src/crt0.o
 .bss           0x0000000004001900        0x0 obj/default/hello_world.o
 .bss           0x0000000004001900        0x0 ../p4p_coprocessor_bsp/\libhal_bsp.a(alt_getchar.o)
 .bss           0x0000000004001900        0x0 ../p4p_coprocessor_bsp/\libhal_bsp.a(alt_load.o)
 .bss           0x0000000004001900        0x0 ../p4p_coprocessor_bsp/\libhal_bsp.a(alt_main.o)
 .bss           0x0000000004001900        0x0 ../p4p_coprocessor_bsp/\libhal_bsp.a(alt_sys_init.o)
 .bss           0x0000000004001900        0x0 ../p4p_coprocessor_bsp/\libhal_bsp.a(altera_avalon_jtag_uart_fd.o)
 .bss           0x0000000004001900        0x0 ../p4p_coprocessor_bsp/\libhal_bsp.a(altera_avalon_jtag_uart_read.o)
 .bss           0x0000000004001900        0x0 ../p4p_coprocessor_bsp/\libhal_bsp.a(altera_avalon_jtag_uart_write.o)
 .bss           0x0000000004001900        0x0 ../p4p_coprocessor_bsp/\libhal_bsp.a(altera_avalon_timer_vars.o)
 .bss           0x0000000004001900        0x0 ../p4p_coprocessor_bsp/\libhal_bsp.a(alt_close.o)
 .bss           0x0000000004001900        0x0 ../p4p_coprocessor_bsp/\libhal_bsp.a(alt_dcache_flush_all.o)
 .bss           0x0000000004001900        0x0 ../p4p_coprocessor_bsp/\libhal_bsp.a(alt_dev.o)
 .bss           0x0000000004001900        0x0 ../p4p_coprocessor_bsp/\libhal_bsp.a(alt_dev_llist_insert.o)
 .bss           0x0000000004001900        0x0 ../p4p_coprocessor_bsp/\libhal_bsp.a(alt_do_ctors.o)
 .bss           0x0000000004001900        0x0 ../p4p_coprocessor_bsp/\libhal_bsp.a(alt_do_dtors.o)
 .bss           0x0000000004001900        0x0 ../p4p_coprocessor_bsp/\libhal_bsp.a(alt_errno.o)
 .bss           0x0000000004001900        0x0 ../p4p_coprocessor_bsp/\libhal_bsp.a(alt_icache_flush_all.o)
 .bss           0x0000000004001900        0x0 ../p4p_coprocessor_bsp/\libhal_bsp.a(alt_io_redirect.o)
 .bss           0x0000000004001900        0x0 ../p4p_coprocessor_bsp/\libhal_bsp.a(alt_open.o)
 .bss           0x0000000004001900        0x0 ../p4p_coprocessor_bsp/\libhal_bsp.a(alt_release_fd.o)
 .bss           0x0000000004001900        0x0 ../p4p_coprocessor_bsp/\libhal_bsp.a(altera_nios2_gen2_irq.o)
 .bss           0x0000000004001900        0x0 ../p4p_coprocessor_bsp/\libhal_bsp.a(alt_find_dev.o)
 .bss           0x0000000004001900        0x0 ../p4p_coprocessor_bsp/\libhal_bsp.a(alt_find_file.o)
 .bss           0x0000000004001900        0x0 ../p4p_coprocessor_bsp/\libhal_bsp.a(alt_get_fd.o)
 .bss           0x0000000004001900        0x0 ../p4p_coprocessor_bsp/\libhal_bsp.a(alt_icache_flush.o)
 .bss           0x0000000004001900        0x0 c:/intelfpga_lite/18.1/nios2eds/bin/gnu/h-x86_64-mingw32/bin/../lib/gcc/nios2-elf/5.3.0/../../../../../H-x86_64-mingw32/nios2-elf/lib\libsmallc.a(lib_a-atexit.o)
 .bss           0x0000000004001900        0x0 c:/intelfpga_lite/18.1/nios2eds/bin/gnu/h-x86_64-mingw32/bin/../lib/gcc/nios2-elf/5.3.0/../../../../../H-x86_64-mingw32/nios2-elf/lib\libsmallc.a(lib_a-exit.o)
 .bss           0x0000000004001900        0x0 c:/intelfpga_lite/18.1/nios2eds/bin/gnu/h-x86_64-mingw32/bin/../lib/gcc/nios2-elf/5.3.0/../../../../../H-x86_64-mingw32/nios2-elf/lib\libsmallc.a(lib_a-impure.o)
 .bss           0x0000000004001900        0x0 c:/intelfpga_lite/18.1/nios2eds/bin/gnu/h-x86_64-mingw32/bin/../lib/gcc/nios2-elf/5.3.0/../../../../../H-x86_64-mingw32/nios2-elf/lib\libsmallc.a(lib_a-int_errno.o)
 .bss           0x0000000004001900        0x0 c:/intelfpga_lite/18.1/nios2eds/bin/gnu/h-x86_64-mingw32/bin/../lib/gcc/nios2-elf/5.3.0/../../../../../H-x86_64-mingw32/nios2-elf/lib\libsmallc.a(lib_a-memcmp.o)
 .bss           0x0000000004001900        0x0 c:/intelfpga_lite/18.1/nios2eds/bin/gnu/h-x86_64-mingw32/bin/../lib/gcc/nios2-elf/5.3.0/../../../../../H-x86_64-mingw32/nios2-elf/lib\libsmallc.a(lib_a-strlen.o)
 .bss           0x0000000004001900        0x0 c:/intelfpga_lite/18.1/nios2eds/bin/gnu/h-x86_64-mingw32/bin/../lib/gcc/nios2-elf/5.3.0/../../../../../H-x86_64-mingw32/nios2-elf/lib\libsmallc.a(lib_a-__atexit.o)
 .bss           0x0000000004001900        0x0 c:/intelfpga_lite/18.1/nios2eds/bin/gnu/h-x86_64-mingw32/bin/../lib/gcc/nios2-elf/5.3.0/../../../../../H-x86_64-mingw32/nios2-elf/lib\libsmallc.a(lib_a-__call_atexit.o)
 .bss           0x0000000004001900        0x0 ../p4p_coprocessor_bsp/\libhal_bsp.a(alt_exit.o)
 *(COMMON)
                0x0000000004001900                . = ALIGN (0x4)
                0x0000000004001900                __bss_end = ABSOLUTE (.)

.sdram          0x0000000004001900        0x0
                [!provide]                        PROVIDE (_alt_partition_sdram_start, ABSOLUTE (.))
 *(.sdram .sdram. sdram.*)
                0x0000000004001900                . = ALIGN (0x4)
                [!provide]                        PROVIDE (_alt_partition_sdram_end, ABSOLUTE (.))
                0x0000000004001900                _end = ABSOLUTE (.)
                0x0000000004001900                end = ABSOLUTE (.)
                0x0000000004001900                __alt_stack_base = ABSOLUTE (.)
                [!provide]                        PROVIDE (_alt_partition_sdram_load_addr, LOADADDR (.sdram))

.onchip_memory  0x0000000008008000        0x0 load address 0x0000000004001900
                [!provide]                        PROVIDE (_alt_partition_onchip_memory_start, ABSOLUTE (.))
 *(.onchip_memory .onchip_memory. onchip_memory.*)
                0x0000000008008000                . = ALIGN (0x4)
                [!provide]                        PROVIDE (_alt_partition_onchip_memory_end, ABSOLUTE (.))
                [!provide]                        PROVIDE (_alt_partition_onchip_memory_load_addr, LOADADDR (.onchip_memory))

.DATA_BRAM      0x0000000008011000        0x0 load address 0x0000000004001900
                [!provide]                        PROVIDE (_alt_partition_DATA_BRAM_start, ABSOLUTE (.))
 *(.DATA_BRAM .DATA_BRAM. DATA_BRAM.*)
                0x0000000008011000                . = ALIGN (0x4)
                [!provide]                        PROVIDE (_alt_partition_DATA_BRAM_end, ABSOLUTE (.))
                [!provide]                        PROVIDE (_alt_partition_DATA_BRAM_load_addr, LOADADDR (.DATA_BRAM))

.WEIGHT_BRAM    0x0000000008011080        0x0 load address 0x0000000004001900
                [!provide]                        PROVIDE (_alt_partition_WEIGHT_BRAM_start, ABSOLUTE (.))
 *(.WEIGHT_BRAM .WEIGHT_BRAM. WEIGHT_BRAM.*)
                0x0000000008011080                . = ALIGN (0x4)
                [!provide]                        PROVIDE (_alt_partition_WEIGHT_BRAM_end, ABSOLUTE (.))
                [!provide]                        PROVIDE (_alt_partition_WEIGHT_BRAM_load_addr, LOADADDR (.WEIGHT_BRAM))

.stab
 *(.stab)

.stabstr
 *(.stabstr)

.stab.excl
 *(.stab.excl)

.stab.exclstr
 *(.stab.exclstr)

.stab.index
 *(.stab.index)

.stab.indexstr
 *(.stab.indexstr)

.comment        0x0000000000000000       0x23
 *(.comment)
 .comment       0x0000000000000000       0x23 obj/default/hello_world.o
                                         0x24 (size before relaxing)
 .comment       0x0000000000000023       0x24 ../p4p_coprocessor_bsp/\libhal_bsp.a(alt_getchar.o)
 .comment       0x0000000000000023       0x24 ../p4p_coprocessor_bsp/\libhal_bsp.a(alt_load.o)
 .comment       0x0000000000000023       0x24 ../p4p_coprocessor_bsp/\libhal_bsp.a(alt_main.o)
 .comment       0x0000000000000023       0x24 ../p4p_coprocessor_bsp/\libhal_bsp.a(alt_sys_init.o)
 .comment       0x0000000000000023       0x24 ../p4p_coprocessor_bsp/\libhal_bsp.a(altera_avalon_jtag_uart_fd.o)
 .comment       0x0000000000000023       0x24 ../p4p_coprocessor_bsp/\libhal_bsp.a(altera_avalon_jtag_uart_read.o)
 .comment       0x0000000000000023       0x24 ../p4p_coprocessor_bsp/\libhal_bsp.a(altera_avalon_jtag_uart_write.o)
 .comment       0x0000000000000023       0x24 ../p4p_coprocessor_bsp/\libhal_bsp.a(altera_avalon_timer_vars.o)
 .comment       0x0000000000000023       0x24 ../p4p_coprocessor_bsp/\libhal_bsp.a(alt_close.o)
 .comment       0x0000000000000023       0x24 ../p4p_coprocessor_bsp/\libhal_bsp.a(alt_dcache_flush_all.o)
 .comment       0x0000000000000023       0x24 ../p4p_coprocessor_bsp/\libhal_bsp.a(alt_dev.o)
 .comment       0x0000000000000023       0x24 ../p4p_coprocessor_bsp/\libhal_bsp.a(alt_dev_llist_insert.o)
 .comment       0x0000000000000023       0x24 ../p4p_coprocessor_bsp/\libhal_bsp.a(alt_do_ctors.o)
 .comment       0x0000000000000023       0x24 ../p4p_coprocessor_bsp/\libhal_bsp.a(alt_do_dtors.o)
 .comment       0x0000000000000023       0x24 ../p4p_coprocessor_bsp/\libhal_bsp.a(alt_errno.o)
 .comment       0x0000000000000023       0x24 ../p4p_coprocessor_bsp/\libhal_bsp.a(alt_icache_flush_all.o)
 .comment       0x0000000000000023       0x24 ../p4p_coprocessor_bsp/\libhal_bsp.a(alt_io_redirect.o)
 .comment       0x0000000000000023       0x24 ../p4p_coprocessor_bsp/\libhal_bsp.a(alt_open.o)
 .comment       0x0000000000000023       0x24 ../p4p_coprocessor_bsp/\libhal_bsp.a(alt_release_fd.o)
 .comment       0x0000000000000023       0x24 ../p4p_coprocessor_bsp/\libhal_bsp.a(altera_nios2_gen2_irq.o)
 .comment       0x0000000000000023       0x24 ../p4p_coprocessor_bsp/\libhal_bsp.a(alt_find_dev.o)
 .comment       0x0000000000000023       0x24 ../p4p_coprocessor_bsp/\libhal_bsp.a(alt_find_file.o)
 .comment       0x0000000000000023       0x24 ../p4p_coprocessor_bsp/\libhal_bsp.a(alt_get_fd.o)
 .comment       0x0000000000000023       0x24 ../p4p_coprocessor_bsp/\libhal_bsp.a(alt_icache_flush.o)
 .comment       0x0000000000000023       0x24 c:/intelfpga_lite/18.1/nios2eds/bin/gnu/h-x86_64-mingw32/bin/../lib/gcc/nios2-elf/5.3.0/../../../../../H-x86_64-mingw32/nios2-elf/lib\libsmallc.a(lib_a-atexit.o)
 .comment       0x0000000000000023       0x24 c:/intelfpga_lite/18.1/nios2eds/bin/gnu/h-x86_64-mingw32/bin/../lib/gcc/nios2-elf/5.3.0/../../../../../H-x86_64-mingw32/nios2-elf/lib\libsmallc.a(lib_a-exit.o)
 .comment       0x0000000000000023       0x24 c:/intelfpga_lite/18.1/nios2eds/bin/gnu/h-x86_64-mingw32/bin/../lib/gcc/nios2-elf/5.3.0/../../../../../H-x86_64-mingw32/nios2-elf/lib\libsmallc.a(lib_a-impure.o)
 .comment       0x0000000000000023       0x24 c:/intelfpga_lite/18.1/nios2eds/bin/gnu/h-x86_64-mingw32/bin/../lib/gcc/nios2-elf/5.3.0/../../../../../H-x86_64-mingw32/nios2-elf/lib\libsmallc.a(lib_a-int_errno.o)
 .comment       0x0000000000000023       0x24 c:/intelfpga_lite/18.1/nios2eds/bin/gnu/h-x86_64-mingw32/bin/../lib/gcc/nios2-elf/5.3.0/../../../../../H-x86_64-mingw32/nios2-elf/lib\libsmallc.a(lib_a-memcmp.o)
 .comment       0x0000000000000023       0x24 c:/intelfpga_lite/18.1/nios2eds/bin/gnu/h-x86_64-mingw32/bin/../lib/gcc/nios2-elf/5.3.0/../../../../../H-x86_64-mingw32/nios2-elf/lib\libsmallc.a(lib_a-strlen.o)
 .comment       0x0000000000000023       0x24 c:/intelfpga_lite/18.1/nios2eds/bin/gnu/h-x86_64-mingw32/bin/../lib/gcc/nios2-elf/5.3.0/../../../../../H-x86_64-mingw32/nios2-elf/lib\libsmallc.a(lib_a-__atexit.o)
 .comment       0x0000000000000023       0x24 c:/intelfpga_lite/18.1/nios2eds/bin/gnu/h-x86_64-mingw32/bin/../lib/gcc/nios2-elf/5.3.0/../../../../../H-x86_64-mingw32/nios2-elf/lib\libsmallc.a(lib_a-__call_atexit.o)
 .comment       0x0000000000000023       0x24 ../p4p_coprocessor_bsp/\libhal_bsp.a(alt_exit.o)

.debug
 *(.debug)

.line
 *(.line)

.debug_srcinfo
 *(.debug_srcinfo)

.debug_sfnames
 *(.debug_sfnames)

.debug_aranges  0x0000000000000000      0x448
 *(.debug_aranges)
 .debug_aranges
                0x0000000000000000       0x28 ../p4p_coprocessor_bsp//obj/HAL/src/crt0.o
 .debug_aranges
                0x0000000000000028       0x20 obj/default/hello_world.o
 .debug_aranges
                0x0000000000000048       0x20 ../p4p_coprocessor_bsp/\libhal_bsp.a(alt_getchar.o)
 .debug_aranges
                0x0000000000000068       0x20 ../p4p_coprocessor_bsp/\libhal_bsp.a(alt_load.o)
 .debug_aranges
                0x0000000000000088       0x20 ../p4p_coprocessor_bsp/\libhal_bsp.a(alt_main.o)
 .debug_aranges
                0x00000000000000a8       0x20 ../p4p_coprocessor_bsp/\libhal_bsp.a(alt_sys_init.o)
 .debug_aranges
                0x00000000000000c8       0x20 ../p4p_coprocessor_bsp/\libhal_bsp.a(altera_avalon_jtag_uart_fd.o)
 .debug_aranges
                0x00000000000000e8       0x20 ../p4p_coprocessor_bsp/\libhal_bsp.a(altera_avalon_jtag_uart_read.o)
 .debug_aranges
                0x0000000000000108       0x20 ../p4p_coprocessor_bsp/\libhal_bsp.a(altera_avalon_jtag_uart_write.o)
 .debug_aranges
                0x0000000000000128       0x18 ../p4p_coprocessor_bsp/\libhal_bsp.a(altera_avalon_timer_vars.o)
 .debug_aranges
                0x0000000000000140       0x20 ../p4p_coprocessor_bsp/\libhal_bsp.a(alt_close.o)
 .debug_aranges
                0x0000000000000160       0x20 ../p4p_coprocessor_bsp/\libhal_bsp.a(alt_dcache_flush_all.o)
 .debug_aranges
                0x0000000000000180       0x20 ../p4p_coprocessor_bsp/\libhal_bsp.a(alt_dev.o)
 .debug_aranges
                0x00000000000001a0       0x20 ../p4p_coprocessor_bsp/\libhal_bsp.a(alt_dev_llist_insert.o)
 .debug_aranges
                0x00000000000001c0       0x20 ../p4p_coprocessor_bsp/\libhal_bsp.a(alt_do_ctors.o)
 .debug_aranges
                0x00000000000001e0       0x20 ../p4p_coprocessor_bsp/\libhal_bsp.a(alt_do_dtors.o)
 .debug_aranges
                0x0000000000000200       0x18 ../p4p_coprocessor_bsp/\libhal_bsp.a(alt_errno.o)
 .debug_aranges
                0x0000000000000218       0x20 ../p4p_coprocessor_bsp/\libhal_bsp.a(alt_icache_flush_all.o)
 .debug_aranges
                0x0000000000000238       0x20 ../p4p_coprocessor_bsp/\libhal_bsp.a(alt_io_redirect.o)
 .debug_aranges
                0x0000000000000258       0x20 ../p4p_coprocessor_bsp/\libhal_bsp.a(alt_open.o)
 .debug_aranges
                0x0000000000000278       0x20 ../p4p_coprocessor_bsp/\libhal_bsp.a(alt_release_fd.o)
 .debug_aranges
                0x0000000000000298       0x20 ../p4p_coprocessor_bsp/\libhal_bsp.a(altera_nios2_gen2_irq.o)
 .debug_aranges
                0x00000000000002b8       0x20 ../p4p_coprocessor_bsp/\libhal_bsp.a(alt_find_dev.o)
 .debug_aranges
                0x00000000000002d8       0x20 ../p4p_coprocessor_bsp/\libhal_bsp.a(alt_find_file.o)
 .debug_aranges
                0x00000000000002f8       0x20 ../p4p_coprocessor_bsp/\libhal_bsp.a(alt_get_fd.o)
 .debug_aranges
                0x0000000000000318       0x20 ../p4p_coprocessor_bsp/\libhal_bsp.a(alt_icache_flush.o)
 .debug_aranges
                0x0000000000000338       0x20 c:/intelfpga_lite/18.1/nios2eds/bin/gnu/h-x86_64-mingw32/bin/../lib/gcc/nios2-elf/5.3.0/../../../../../H-x86_64-mingw32/nios2-elf/lib\libsmallc.a(lib_a-atexit.o)
 .debug_aranges
                0x0000000000000358       0x20 c:/intelfpga_lite/18.1/nios2eds/bin/gnu/h-x86_64-mingw32/bin/../lib/gcc/nios2-elf/5.3.0/../../../../../H-x86_64-mingw32/nios2-elf/lib\libsmallc.a(lib_a-exit.o)
 .debug_aranges
                0x0000000000000378       0x18 c:/intelfpga_lite/18.1/nios2eds/bin/gnu/h-x86_64-mingw32/bin/../lib/gcc/nios2-elf/5.3.0/../../../../../H-x86_64-mingw32/nios2-elf/lib\libsmallc.a(lib_a-impure.o)
 .debug_aranges
                0x0000000000000390       0x18 c:/intelfpga_lite/18.1/nios2eds/bin/gnu/h-x86_64-mingw32/bin/../lib/gcc/nios2-elf/5.3.0/../../../../../H-x86_64-mingw32/nios2-elf/lib\libsmallc.a(lib_a-int_errno.o)
 .debug_aranges
                0x00000000000003a8       0x20 c:/intelfpga_lite/18.1/nios2eds/bin/gnu/h-x86_64-mingw32/bin/../lib/gcc/nios2-elf/5.3.0/../../../../../H-x86_64-mingw32/nios2-elf/lib\libsmallc.a(lib_a-memcmp.o)
 .debug_aranges
                0x00000000000003c8       0x20 c:/intelfpga_lite/18.1/nios2eds/bin/gnu/h-x86_64-mingw32/bin/../lib/gcc/nios2-elf/5.3.0/../../../../../H-x86_64-mingw32/nios2-elf/lib\libsmallc.a(lib_a-strlen.o)
 .debug_aranges
                0x00000000000003e8       0x20 c:/intelfpga_lite/18.1/nios2eds/bin/gnu/h-x86_64-mingw32/bin/../lib/gcc/nios2-elf/5.3.0/../../../../../H-x86_64-mingw32/nios2-elf/lib\libsmallc.a(lib_a-__atexit.o)
 .debug_aranges
                0x0000000000000408       0x20 c:/intelfpga_lite/18.1/nios2eds/bin/gnu/h-x86_64-mingw32/bin/../lib/gcc/nios2-elf/5.3.0/../../../../../H-x86_64-mingw32/nios2-elf/lib\libsmallc.a(lib_a-__call_atexit.o)
 .debug_aranges
                0x0000000000000428       0x20 ../p4p_coprocessor_bsp/\libhal_bsp.a(alt_exit.o)

.debug_pubnames
 *(.debug_pubnames)

.debug_info     0x0000000000000000     0x5112
 *(.debug_info .gnu.linkonce.wi.*)
 .debug_info    0x0000000000000000       0x77 ../p4p_coprocessor_bsp//obj/HAL/src/crt0.o
 .debug_info    0x0000000000000077       0xb0 obj/default/hello_world.o
 .debug_info    0x0000000000000127      0x895 ../p4p_coprocessor_bsp/\libhal_bsp.a(alt_getchar.o)
 .debug_info    0x00000000000009bc      0x145 ../p4p_coprocessor_bsp/\libhal_bsp.a(alt_load.o)
 .debug_info    0x0000000000000b01      0x131 ../p4p_coprocessor_bsp/\libhal_bsp.a(alt_main.o)
 .debug_info    0x0000000000000c32      0x3df ../p4p_coprocessor_bsp/\libhal_bsp.a(alt_sys_init.o)
 .debug_info    0x0000000000001011      0x3a7 ../p4p_coprocessor_bsp/\libhal_bsp.a(altera_avalon_jtag_uart_fd.o)
 .debug_info    0x00000000000013b8      0x1b2 ../p4p_coprocessor_bsp/\libhal_bsp.a(altera_avalon_jtag_uart_read.o)
 .debug_info    0x000000000000156a      0x195 ../p4p_coprocessor_bsp/\libhal_bsp.a(altera_avalon_jtag_uart_write.o)
 .debug_info    0x00000000000016ff       0xe9 ../p4p_coprocessor_bsp/\libhal_bsp.a(altera_avalon_timer_vars.o)
 .debug_info    0x00000000000017e8      0x321 ../p4p_coprocessor_bsp/\libhal_bsp.a(alt_close.o)
 .debug_info    0x0000000000001b09       0xa5 ../p4p_coprocessor_bsp/\libhal_bsp.a(alt_dcache_flush_all.o)
 .debug_info    0x0000000000001bae      0x49c ../p4p_coprocessor_bsp/\libhal_bsp.a(alt_dev.o)
 .debug_info    0x000000000000204a      0x1a9 ../p4p_coprocessor_bsp/\libhal_bsp.a(alt_dev_llist_insert.o)
 .debug_info    0x00000000000021f3       0x83 ../p4p_coprocessor_bsp/\libhal_bsp.a(alt_do_ctors.o)
 .debug_info    0x0000000000002276       0x83 ../p4p_coprocessor_bsp/\libhal_bsp.a(alt_do_dtors.o)
 .debug_info    0x00000000000022f9       0xa6 ../p4p_coprocessor_bsp/\libhal_bsp.a(alt_errno.o)
 .debug_info    0x000000000000239f       0x92 ../p4p_coprocessor_bsp/\libhal_bsp.a(alt_icache_flush_all.o)
 .debug_info    0x0000000000002431      0x4a5 ../p4p_coprocessor_bsp/\libhal_bsp.a(alt_io_redirect.o)
 .debug_info    0x00000000000028d6      0x3bb ../p4p_coprocessor_bsp/\libhal_bsp.a(alt_open.o)
 .debug_info    0x0000000000002c91      0x2b0 ../p4p_coprocessor_bsp/\libhal_bsp.a(alt_release_fd.o)
 .debug_info    0x0000000000002f41       0x92 ../p4p_coprocessor_bsp/\libhal_bsp.a(altera_nios2_gen2_irq.o)
 .debug_info    0x0000000000002fd3      0x2e9 ../p4p_coprocessor_bsp/\libhal_bsp.a(alt_find_dev.o)
 .debug_info    0x00000000000032bc      0x2e6 ../p4p_coprocessor_bsp/\libhal_bsp.a(alt_find_file.o)
 .debug_info    0x00000000000035a2      0x310 ../p4p_coprocessor_bsp/\libhal_bsp.a(alt_get_fd.o)
 .debug_info    0x00000000000038b2       0xdc ../p4p_coprocessor_bsp/\libhal_bsp.a(alt_icache_flush.o)
 .debug_info    0x000000000000398e       0xfe c:/intelfpga_lite/18.1/nios2eds/bin/gnu/h-x86_64-mingw32/bin/../lib/gcc/nios2-elf/5.3.0/../../../../../H-x86_64-mingw32/nios2-elf/lib\libsmallc.a(lib_a-atexit.o)
 .debug_info    0x0000000000003a8c       0xe5 c:/intelfpga_lite/18.1/nios2eds/bin/gnu/h-x86_64-mingw32/bin/../lib/gcc/nios2-elf/5.3.0/../../../../../H-x86_64-mingw32/nios2-elf/lib\libsmallc.a(lib_a-exit.o)
 .debug_info    0x0000000000003b71      0x5a9 c:/intelfpga_lite/18.1/nios2eds/bin/gnu/h-x86_64-mingw32/bin/../lib/gcc/nios2-elf/5.3.0/../../../../../H-x86_64-mingw32/nios2-elf/lib\libsmallc.a(lib_a-impure.o)
 .debug_info    0x000000000000411a       0x8a c:/intelfpga_lite/18.1/nios2eds/bin/gnu/h-x86_64-mingw32/bin/../lib/gcc/nios2-elf/5.3.0/../../../../../H-x86_64-mingw32/nios2-elf/lib\libsmallc.a(lib_a-int_errno.o)
 .debug_info    0x00000000000041a4       0xf4 c:/intelfpga_lite/18.1/nios2eds/bin/gnu/h-x86_64-mingw32/bin/../lib/gcc/nios2-elf/5.3.0/../../../../../H-x86_64-mingw32/nios2-elf/lib\libsmallc.a(lib_a-memcmp.o)
 .debug_info    0x0000000000004298       0xc9 c:/intelfpga_lite/18.1/nios2eds/bin/gnu/h-x86_64-mingw32/bin/../lib/gcc/nios2-elf/5.3.0/../../../../../H-x86_64-mingw32/nios2-elf/lib\libsmallc.a(lib_a-strlen.o)
 .debug_info    0x0000000000004361      0x64a c:/intelfpga_lite/18.1/nios2eds/bin/gnu/h-x86_64-mingw32/bin/../lib/gcc/nios2-elf/5.3.0/../../../../../H-x86_64-mingw32/nios2-elf/lib\libsmallc.a(lib_a-__atexit.o)
 .debug_info    0x00000000000049ab      0x67b c:/intelfpga_lite/18.1/nios2eds/bin/gnu/h-x86_64-mingw32/bin/../lib/gcc/nios2-elf/5.3.0/../../../../../H-x86_64-mingw32/nios2-elf/lib\libsmallc.a(lib_a-__call_atexit.o)
 .debug_info    0x0000000000005026       0xec ../p4p_coprocessor_bsp/\libhal_bsp.a(alt_exit.o)

.debug_abbrev   0x0000000000000000     0x1c04
 *(.debug_abbrev)
 .debug_abbrev  0x0000000000000000       0x12 ../p4p_coprocessor_bsp//obj/HAL/src/crt0.o
 .debug_abbrev  0x0000000000000012       0x5e obj/default/hello_world.o
 .debug_abbrev  0x0000000000000070      0x19e ../p4p_coprocessor_bsp/\libhal_bsp.a(alt_getchar.o)
 .debug_abbrev  0x000000000000020e       0x9f ../p4p_coprocessor_bsp/\libhal_bsp.a(alt_load.o)
 .debug_abbrev  0x00000000000002ad       0xba ../p4p_coprocessor_bsp/\libhal_bsp.a(alt_main.o)
 .debug_abbrev  0x0000000000000367      0x157 ../p4p_coprocessor_bsp/\libhal_bsp.a(alt_sys_init.o)
 .debug_abbrev  0x00000000000004be       0xf7 ../p4p_coprocessor_bsp/\libhal_bsp.a(altera_avalon_jtag_uart_fd.o)
 .debug_abbrev  0x00000000000005b5       0xd5 ../p4p_coprocessor_bsp/\libhal_bsp.a(altera_avalon_jtag_uart_read.o)
 .debug_abbrev  0x000000000000068a       0xd5 ../p4p_coprocessor_bsp/\libhal_bsp.a(altera_avalon_jtag_uart_write.o)
 .debug_abbrev  0x000000000000075f       0x83 ../p4p_coprocessor_bsp/\libhal_bsp.a(altera_avalon_timer_vars.o)
 .debug_abbrev  0x00000000000007e2      0x11f ../p4p_coprocessor_bsp/\libhal_bsp.a(alt_close.o)
 .debug_abbrev  0x0000000000000901       0x5a ../p4p_coprocessor_bsp/\libhal_bsp.a(alt_dcache_flush_all.o)
 .debug_abbrev  0x000000000000095b       0xd9 ../p4p_coprocessor_bsp/\libhal_bsp.a(alt_dev.o)
 .debug_abbrev  0x0000000000000a34      0x114 ../p4p_coprocessor_bsp/\libhal_bsp.a(alt_dev_llist_insert.o)
 .debug_abbrev  0x0000000000000b48       0x79 ../p4p_coprocessor_bsp/\libhal_bsp.a(alt_do_ctors.o)
 .debug_abbrev  0x0000000000000bc1       0x79 ../p4p_coprocessor_bsp/\libhal_bsp.a(alt_do_dtors.o)
 .debug_abbrev  0x0000000000000c3a       0x5a ../p4p_coprocessor_bsp/\libhal_bsp.a(alt_errno.o)
 .debug_abbrev  0x0000000000000c94       0x42 ../p4p_coprocessor_bsp/\libhal_bsp.a(alt_icache_flush_all.o)
 .debug_abbrev  0x0000000000000cd6      0x114 ../p4p_coprocessor_bsp/\libhal_bsp.a(alt_io_redirect.o)
 .debug_abbrev  0x0000000000000dea      0x148 ../p4p_coprocessor_bsp/\libhal_bsp.a(alt_open.o)
 .debug_abbrev  0x0000000000000f32       0xde ../p4p_coprocessor_bsp/\libhal_bsp.a(alt_release_fd.o)
 .debug_abbrev  0x0000000000001010       0x42 ../p4p_coprocessor_bsp/\libhal_bsp.a(altera_nios2_gen2_irq.o)
 .debug_abbrev  0x0000000000001052       0xf0 ../p4p_coprocessor_bsp/\libhal_bsp.a(alt_find_dev.o)
 .debug_abbrev  0x0000000000001142       0xf0 ../p4p_coprocessor_bsp/\libhal_bsp.a(alt_find_file.o)
 .debug_abbrev  0x0000000000001232      0x10d ../p4p_coprocessor_bsp/\libhal_bsp.a(alt_get_fd.o)
 .debug_abbrev  0x000000000000133f       0x8c ../p4p_coprocessor_bsp/\libhal_bsp.a(alt_icache_flush.o)
 .debug_abbrev  0x00000000000013cb       0xaa c:/intelfpga_lite/18.1/nios2eds/bin/gnu/h-x86_64-mingw32/bin/../lib/gcc/nios2-elf/5.3.0/../../../../../H-x86_64-mingw32/nios2-elf/lib\libsmallc.a(lib_a-atexit.o)
 .debug_abbrev  0x0000000000001475       0x8b c:/intelfpga_lite/18.1/nios2eds/bin/gnu/h-x86_64-mingw32/bin/../lib/gcc/nios2-elf/5.3.0/../../../../../H-x86_64-mingw32/nios2-elf/lib\libsmallc.a(lib_a-exit.o)
 .debug_abbrev  0x0000000000001500      0x14a c:/intelfpga_lite/18.1/nios2eds/bin/gnu/h-x86_64-mingw32/bin/../lib/gcc/nios2-elf/5.3.0/../../../../../H-x86_64-mingw32/nios2-elf/lib\libsmallc.a(lib_a-impure.o)
 .debug_abbrev  0x000000000000164a       0x37 c:/intelfpga_lite/18.1/nios2eds/bin/gnu/h-x86_64-mingw32/bin/../lib/gcc/nios2-elf/5.3.0/../../../../../H-x86_64-mingw32/nios2-elf/lib\libsmallc.a(lib_a-int_errno.o)
 .debug_abbrev  0x0000000000001681       0x7f c:/intelfpga_lite/18.1/nios2eds/bin/gnu/h-x86_64-mingw32/bin/../lib/gcc/nios2-elf/5.3.0/../../../../../H-x86_64-mingw32/nios2-elf/lib\libsmallc.a(lib_a-memcmp.o)
 .debug_abbrev  0x0000000000001700       0x7f c:/intelfpga_lite/18.1/nios2eds/bin/gnu/h-x86_64-mingw32/bin/../lib/gcc/nios2-elf/5.3.0/../../../../../H-x86_64-mingw32/nios2-elf/lib\libsmallc.a(lib_a-strlen.o)
 .debug_abbrev  0x000000000000177f      0x1e6 c:/intelfpga_lite/18.1/nios2eds/bin/gnu/h-x86_64-mingw32/bin/../lib/gcc/nios2-elf/5.3.0/../../../../../H-x86_64-mingw32/nios2-elf/lib\libsmallc.a(lib_a-__atexit.o)
 .debug_abbrev  0x0000000000001965      0x1f6 c:/intelfpga_lite/18.1/nios2eds/bin/gnu/h-x86_64-mingw32/bin/../lib/gcc/nios2-elf/5.3.0/../../../../../H-x86_64-mingw32/nios2-elf/lib\libsmallc.a(lib_a-__call_atexit.o)
 .debug_abbrev  0x0000000000001b5b       0xa9 ../p4p_coprocessor_bsp/\libhal_bsp.a(alt_exit.o)

.debug_line     0x0000000000000000     0x1e68
 *(.debug_line)
 .debug_line    0x0000000000000000       0x72 ../p4p_coprocessor_bsp//obj/HAL/src/crt0.o
 .debug_line    0x0000000000000072       0x7a obj/default/hello_world.o
 .debug_line    0x00000000000000ec      0x11e ../p4p_coprocessor_bsp/\libhal_bsp.a(alt_getchar.o)
 .debug_line    0x000000000000020a       0x8e ../p4p_coprocessor_bsp/\libhal_bsp.a(alt_load.o)
 .debug_line    0x0000000000000298       0xa4 ../p4p_coprocessor_bsp/\libhal_bsp.a(alt_main.o)
 .debug_line    0x000000000000033c      0x141 ../p4p_coprocessor_bsp/\libhal_bsp.a(alt_sys_init.o)
 .debug_line    0x000000000000047d      0x112 ../p4p_coprocessor_bsp/\libhal_bsp.a(altera_avalon_jtag_uart_fd.o)
 .debug_line    0x000000000000058f       0xfd ../p4p_coprocessor_bsp/\libhal_bsp.a(altera_avalon_jtag_uart_read.o)
 .debug_line    0x000000000000068c       0xf4 ../p4p_coprocessor_bsp/\libhal_bsp.a(altera_avalon_jtag_uart_write.o)
 .debug_line    0x0000000000000780       0x8a ../p4p_coprocessor_bsp/\libhal_bsp.a(altera_avalon_timer_vars.o)
 .debug_line    0x000000000000080a      0x165 ../p4p_coprocessor_bsp/\libhal_bsp.a(alt_close.o)
 .debug_line    0x000000000000096f       0x61 ../p4p_coprocessor_bsp/\libhal_bsp.a(alt_dcache_flush_all.o)
 .debug_line    0x00000000000009d0       0xf8 ../p4p_coprocessor_bsp/\libhal_bsp.a(alt_dev.o)
 .debug_line    0x0000000000000ac8       0xcf ../p4p_coprocessor_bsp/\libhal_bsp.a(alt_dev_llist_insert.o)
 .debug_line    0x0000000000000b97       0x59 ../p4p_coprocessor_bsp/\libhal_bsp.a(alt_do_ctors.o)
 .debug_line    0x0000000000000bf0       0x59 ../p4p_coprocessor_bsp/\libhal_bsp.a(alt_do_dtors.o)
 .debug_line    0x0000000000000c49       0x51 ../p4p_coprocessor_bsp/\libhal_bsp.a(alt_errno.o)
 .debug_line    0x0000000000000c9a       0x50 ../p4p_coprocessor_bsp/\libhal_bsp.a(alt_icache_flush_all.o)
 .debug_line    0x0000000000000cea      0x133 ../p4p_coprocessor_bsp/\libhal_bsp.a(alt_io_redirect.o)
 .debug_line    0x0000000000000e1d      0x128 ../p4p_coprocessor_bsp/\libhal_bsp.a(alt_open.o)
 .debug_line    0x0000000000000f45       0xae ../p4p_coprocessor_bsp/\libhal_bsp.a(alt_release_fd.o)
 .debug_line    0x0000000000000ff3       0x51 ../p4p_coprocessor_bsp/\libhal_bsp.a(altera_nios2_gen2_irq.o)
 .debug_line    0x0000000000001044       0xb5 ../p4p_coprocessor_bsp/\libhal_bsp.a(alt_find_dev.o)
 .debug_line    0x00000000000010f9       0xd1 ../p4p_coprocessor_bsp/\libhal_bsp.a(alt_find_file.o)
 .debug_line    0x00000000000011ca       0xd4 ../p4p_coprocessor_bsp/\libhal_bsp.a(alt_get_fd.o)
 .debug_line    0x000000000000129e       0x81 ../p4p_coprocessor_bsp/\libhal_bsp.a(alt_icache_flush.o)
 .debug_line    0x000000000000131f       0xe4 c:/intelfpga_lite/18.1/nios2eds/bin/gnu/h-x86_64-mingw32/bin/../lib/gcc/nios2-elf/5.3.0/../../../../../H-x86_64-mingw32/nios2-elf/lib\libsmallc.a(lib_a-atexit.o)
 .debug_line    0x0000000000001403      0x156 c:/intelfpga_lite/18.1/nios2eds/bin/gnu/h-x86_64-mingw32/bin/../lib/gcc/nios2-elf/5.3.0/../../../../../H-x86_64-mingw32/nios2-elf/lib\libsmallc.a(lib_a-exit.o)
 .debug_line    0x0000000000001559      0x153 c:/intelfpga_lite/18.1/nios2eds/bin/gnu/h-x86_64-mingw32/bin/../lib/gcc/nios2-elf/5.3.0/../../../../../H-x86_64-mingw32/nios2-elf/lib\libsmallc.a(lib_a-impure.o)
 .debug_line    0x00000000000016ac       0x5c c:/intelfpga_lite/18.1/nios2eds/bin/gnu/h-x86_64-mingw32/bin/../lib/gcc/nios2-elf/5.3.0/../../../../../H-x86_64-mingw32/nios2-elf/lib\libsmallc.a(lib_a-int_errno.o)
 .debug_line    0x0000000000001708      0x15d c:/intelfpga_lite/18.1/nios2eds/bin/gnu/h-x86_64-mingw32/bin/../lib/gcc/nios2-elf/5.3.0/../../../../../H-x86_64-mingw32/nios2-elf/lib\libsmallc.a(lib_a-memcmp.o)
 .debug_line    0x0000000000001865      0x159 c:/intelfpga_lite/18.1/nios2eds/bin/gnu/h-x86_64-mingw32/bin/../lib/gcc/nios2-elf/5.3.0/../../../../../H-x86_64-mingw32/nios2-elf/lib\libsmallc.a(lib_a-strlen.o)
 .debug_line    0x00000000000019be      0x20a c:/intelfpga_lite/18.1/nios2eds/bin/gnu/h-x86_64-mingw32/bin/../lib/gcc/nios2-elf/5.3.0/../../../../../H-x86_64-mingw32/nios2-elf/lib\libsmallc.a(lib_a-__atexit.o)
 .debug_line    0x0000000000001bc8      0x22f c:/intelfpga_lite/18.1/nios2eds/bin/gnu/h-x86_64-mingw32/bin/../lib/gcc/nios2-elf/5.3.0/../../../../../H-x86_64-mingw32/nios2-elf/lib\libsmallc.a(lib_a-__call_atexit.o)
 .debug_line    0x0000000000001df7       0x71 ../p4p_coprocessor_bsp/\libhal_bsp.a(alt_exit.o)

.debug_frame    0x0000000000000000      0x780
 *(.debug_frame)
 .debug_frame   0x0000000000000000       0x2c obj/default/hello_world.o
 .debug_frame   0x000000000000002c       0x38 ../p4p_coprocessor_bsp/\libhal_bsp.a(alt_getchar.o)
 .debug_frame   0x0000000000000064       0x5c ../p4p_coprocessor_bsp/\libhal_bsp.a(alt_load.o)
 .debug_frame   0x00000000000000c0       0x2c ../p4p_coprocessor_bsp/\libhal_bsp.a(alt_main.o)
 .debug_frame   0x00000000000000ec       0x88 ../p4p_coprocessor_bsp/\libhal_bsp.a(alt_sys_init.o)
 .debug_frame   0x0000000000000174       0x60 ../p4p_coprocessor_bsp/\libhal_bsp.a(altera_avalon_jtag_uart_fd.o)
 .debug_frame   0x00000000000001d4       0x34 ../p4p_coprocessor_bsp/\libhal_bsp.a(altera_avalon_jtag_uart_read.o)
 .debug_frame   0x0000000000000208       0x34 ../p4p_coprocessor_bsp/\libhal_bsp.a(altera_avalon_jtag_uart_write.o)
 .debug_frame   0x000000000000023c       0x60 ../p4p_coprocessor_bsp/\libhal_bsp.a(alt_close.o)
 .debug_frame   0x000000000000029c       0x34 ../p4p_coprocessor_bsp/\libhal_bsp.a(alt_dcache_flush_all.o)
 .debug_frame   0x00000000000002d0       0x34 ../p4p_coprocessor_bsp/\libhal_bsp.a(alt_dev.o)
 .debug_frame   0x0000000000000304       0x60 ../p4p_coprocessor_bsp/\libhal_bsp.a(alt_dev_llist_insert.o)
 .debug_frame   0x0000000000000364       0x38 ../p4p_coprocessor_bsp/\libhal_bsp.a(alt_do_ctors.o)
 .debug_frame   0x000000000000039c       0x38 ../p4p_coprocessor_bsp/\libhal_bsp.a(alt_do_dtors.o)
 .debug_frame   0x00000000000003d4       0x38 ../p4p_coprocessor_bsp/\libhal_bsp.a(alt_icache_flush_all.o)
 .debug_frame   0x000000000000040c       0x60 ../p4p_coprocessor_bsp/\libhal_bsp.a(alt_io_redirect.o)
 .debug_frame   0x000000000000046c       0x84 ../p4p_coprocessor_bsp/\libhal_bsp.a(alt_open.o)
 .debug_frame   0x00000000000004f0       0x34 ../p4p_coprocessor_bsp/\libhal_bsp.a(alt_release_fd.o)
 .debug_frame   0x0000000000000524       0x34 ../p4p_coprocessor_bsp/\libhal_bsp.a(altera_nios2_gen2_irq.o)
 .debug_frame   0x0000000000000558       0x38 ../p4p_coprocessor_bsp/\libhal_bsp.a(alt_find_dev.o)
 .debug_frame   0x0000000000000590       0x38 ../p4p_coprocessor_bsp/\libhal_bsp.a(alt_find_file.o)
 .debug_frame   0x00000000000005c8       0x34 ../p4p_coprocessor_bsp/\libhal_bsp.a(alt_get_fd.o)
 .debug_frame   0x00000000000005fc       0x34 ../p4p_coprocessor_bsp/\libhal_bsp.a(alt_icache_flush.o)
 .debug_frame   0x0000000000000630       0x20 c:/intelfpga_lite/18.1/nios2eds/bin/gnu/h-x86_64-mingw32/bin/../lib/gcc/nios2-elf/5.3.0/../../../../../H-x86_64-mingw32/nios2-elf/lib\libsmallc.a(lib_a-atexit.o)
 .debug_frame   0x0000000000000650       0x28 c:/intelfpga_lite/18.1/nios2eds/bin/gnu/h-x86_64-mingw32/bin/../lib/gcc/nios2-elf/5.3.0/../../../../../H-x86_64-mingw32/nios2-elf/lib\libsmallc.a(lib_a-exit.o)
 .debug_frame   0x0000000000000678       0x20 c:/intelfpga_lite/18.1/nios2eds/bin/gnu/h-x86_64-mingw32/bin/../lib/gcc/nios2-elf/5.3.0/../../../../../H-x86_64-mingw32/nios2-elf/lib\libsmallc.a(lib_a-memcmp.o)
 .debug_frame   0x0000000000000698       0x20 c:/intelfpga_lite/18.1/nios2eds/bin/gnu/h-x86_64-mingw32/bin/../lib/gcc/nios2-elf/5.3.0/../../../../../H-x86_64-mingw32/nios2-elf/lib\libsmallc.a(lib_a-strlen.o)
 .debug_frame   0x00000000000006b8       0x48 c:/intelfpga_lite/18.1/nios2eds/bin/gnu/h-x86_64-mingw32/bin/../lib/gcc/nios2-elf/5.3.0/../../../../../H-x86_64-mingw32/nios2-elf/lib\libsmallc.a(lib_a-__atexit.o)
 .debug_frame   0x0000000000000700       0x54 c:/intelfpga_lite/18.1/nios2eds/bin/gnu/h-x86_64-mingw32/bin/../lib/gcc/nios2-elf/5.3.0/../../../../../H-x86_64-mingw32/nios2-elf/lib\libsmallc.a(lib_a-__call_atexit.o)
 .debug_frame   0x0000000000000754       0x2c ../p4p_coprocessor_bsp/\libhal_bsp.a(alt_exit.o)

.debug_str      0x0000000000000000     0x1221
 *(.debug_str)
 .debug_str     0x0000000000000000      0x10d obj/default/hello_world.o
                                        0x14b (size before relaxing)
 .debug_str     0x000000000000010d      0x3c4 ../p4p_coprocessor_bsp/\libhal_bsp.a(alt_getchar.o)
                                        0x50b (size before relaxing)
 .debug_str     0x00000000000004d1       0xf1 ../p4p_coprocessor_bsp/\libhal_bsp.a(alt_load.o)
                                        0x218 (size before relaxing)
 .debug_str     0x00000000000005c2       0x70 ../p4p_coprocessor_bsp/\libhal_bsp.a(alt_main.o)
                                        0x1a3 (size before relaxing)
 .debug_str     0x0000000000000632      0x182 ../p4p_coprocessor_bsp/\libhal_bsp.a(alt_sys_init.o)
                                        0x310 (size before relaxing)
 .debug_str     0x00000000000007b4       0x77 ../p4p_coprocessor_bsp/\libhal_bsp.a(altera_avalon_jtag_uart_fd.o)
                                        0x2db (size before relaxing)
 .debug_str     0x000000000000082b       0x48 ../p4p_coprocessor_bsp/\libhal_bsp.a(altera_avalon_jtag_uart_read.o)
                                        0x225 (size before relaxing)
 .debug_str     0x0000000000000873       0x4a ../p4p_coprocessor_bsp/\libhal_bsp.a(altera_avalon_jtag_uart_write.o)
                                        0x21b (size before relaxing)
 .debug_str     0x00000000000008bd       0x27 ../p4p_coprocessor_bsp/\libhal_bsp.a(altera_avalon_timer_vars.o)
                                        0x1bf (size before relaxing)
 .debug_str     0x00000000000008e4       0x44 ../p4p_coprocessor_bsp/\libhal_bsp.a(alt_close.o)
                                        0x211 (size before relaxing)
 .debug_str     0x0000000000000928       0x34 ../p4p_coprocessor_bsp/\libhal_bsp.a(alt_dcache_flush_all.o)
                                        0x15b (size before relaxing)
 .debug_str     0x000000000000095c      0x119 ../p4p_coprocessor_bsp/\libhal_bsp.a(alt_dev.o)
                                        0x30b (size before relaxing)
 .debug_str     0x0000000000000a75       0x4b ../p4p_coprocessor_bsp/\libhal_bsp.a(alt_dev_llist_insert.o)
                                        0x1d2 (size before relaxing)
 .debug_str     0x0000000000000ac0       0x48 ../p4p_coprocessor_bsp/\libhal_bsp.a(alt_do_ctors.o)
                                         0xd6 (size before relaxing)
 .debug_str     0x0000000000000b08       0x4c ../p4p_coprocessor_bsp/\libhal_bsp.a(alt_do_dtors.o)
                                         0xd5 (size before relaxing)
 .debug_str     0x0000000000000b54       0x14 ../p4p_coprocessor_bsp/\libhal_bsp.a(alt_errno.o)
                                        0x14b (size before relaxing)
 .debug_str     0x0000000000000b68       0x34 ../p4p_coprocessor_bsp/\libhal_bsp.a(alt_icache_flush_all.o)
                                        0x15b (size before relaxing)
 .debug_str     0x0000000000000b9c       0x56 ../p4p_coprocessor_bsp/\libhal_bsp.a(alt_io_redirect.o)
                                        0x31c (size before relaxing)
 .debug_str     0x0000000000000bf2       0x36 ../p4p_coprocessor_bsp/\libhal_bsp.a(alt_open.o)
                                        0x251 (size before relaxing)
 .debug_str     0x0000000000000c28       0x28 ../p4p_coprocessor_bsp/\libhal_bsp.a(alt_release_fd.o)
                                        0x1d9 (size before relaxing)
 .debug_str     0x0000000000000c50       0x3b ../p4p_coprocessor_bsp/\libhal_bsp.a(altera_nios2_gen2_irq.o)
                                        0x162 (size before relaxing)
 .debug_str     0x0000000000000c8b       0x24 ../p4p_coprocessor_bsp/\libhal_bsp.a(alt_find_dev.o)
                                        0x1f2 (size before relaxing)
 .debug_str     0x0000000000000caf       0x26 ../p4p_coprocessor_bsp/\libhal_bsp.a(alt_find_file.o)
                                        0x200 (size before relaxing)
 .debug_str     0x0000000000000cd5       0x30 ../p4p_coprocessor_bsp/\libhal_bsp.a(alt_get_fd.o)
                                        0x222 (size before relaxing)
 .debug_str     0x0000000000000d05       0x2c ../p4p_coprocessor_bsp/\libhal_bsp.a(alt_icache_flush.o)
                                        0x161 (size before relaxing)
 .debug_str     0x0000000000000d31      0x15d c:/intelfpga_lite/18.1/nios2eds/bin/gnu/h-x86_64-mingw32/bin/../lib/gcc/nios2-elf/5.3.0/../../../../../H-x86_64-mingw32/nios2-elf/lib\libsmallc.a(lib_a-atexit.o)
                                        0x202 (size before relaxing)
 .debug_str     0x0000000000000e8e       0x49 c:/intelfpga_lite/18.1/nios2eds/bin/gnu/h-x86_64-mingw32/bin/../lib/gcc/nios2-elf/5.3.0/../../../../../H-x86_64-mingw32/nios2-elf/lib\libsmallc.a(lib_a-exit.o)
                                        0x1d6 (size before relaxing)
 .debug_str     0x0000000000000ed7      0x133 c:/intelfpga_lite/18.1/nios2eds/bin/gnu/h-x86_64-mingw32/bin/../lib/gcc/nios2-elf/5.3.0/../../../../../H-x86_64-mingw32/nios2-elf/lib\libsmallc.a(lib_a-impure.o)
                                        0x4a4 (size before relaxing)
 .debug_str     0x000000000000100a       0x3c c:/intelfpga_lite/18.1/nios2eds/bin/gnu/h-x86_64-mingw32/bin/../lib/gcc/nios2-elf/5.3.0/../../../../../H-x86_64-mingw32/nios2-elf/lib\libsmallc.a(lib_a-int_errno.o)
                                        0x1be (size before relaxing)
 .debug_str     0x0000000000001046       0xd2 c:/intelfpga_lite/18.1/nios2eds/bin/gnu/h-x86_64-mingw32/bin/../lib/gcc/nios2-elf/5.3.0/../../../../../H-x86_64-mingw32/nios2-elf/lib\libsmallc.a(lib_a-memcmp.o)
                                        0x1c5 (size before relaxing)
 .debug_str     0x0000000000001118       0x41 c:/intelfpga_lite/18.1/nios2eds/bin/gnu/h-x86_64-mingw32/bin/../lib/gcc/nios2-elf/5.3.0/../../../../../H-x86_64-mingw32/nios2-elf/lib\libsmallc.a(lib_a-strlen.o)
                                        0x1cb (size before relaxing)
 .debug_str     0x0000000000001159       0x3c c:/intelfpga_lite/18.1/nios2eds/bin/gnu/h-x86_64-mingw32/bin/../lib/gcc/nios2-elf/5.3.0/../../../../../H-x86_64-mingw32/nios2-elf/lib\libsmallc.a(lib_a-__atexit.o)
                                        0x4e5 (size before relaxing)
 .debug_str     0x0000000000001195       0x62 c:/intelfpga_lite/18.1/nios2eds/bin/gnu/h-x86_64-mingw32/bin/../lib/gcc/nios2-elf/5.3.0/../../../../../H-x86_64-mingw32/nios2-elf/lib\libsmallc.a(lib_a-__call_atexit.o)
                                        0x4d1 (size before relaxing)
 .debug_str     0x00000000000011f7       0x2a ../p4p_coprocessor_bsp/\libhal_bsp.a(alt_exit.o)
                                        0x157 (size before relaxing)

.debug_loc      0x0000000000000000      0x413
 *(.debug_loc)
 .debug_loc     0x0000000000000000       0x2c c:/intelfpga_lite/18.1/nios2eds/bin/gnu/h-x86_64-mingw32/bin/../lib/gcc/nios2-elf/5.3.0/../../../../../H-x86_64-mingw32/nios2-elf/lib\libsmallc.a(lib_a-atexit.o)
 .debug_loc     0x000000000000002c       0x1e c:/intelfpga_lite/18.1/nios2eds/bin/gnu/h-x86_64-mingw32/bin/../lib/gcc/nios2-elf/5.3.0/../../../../../H-x86_64-mingw32/nios2-elf/lib\libsmallc.a(lib_a-exit.o)
 .debug_loc     0x000000000000004a       0x94 c:/intelfpga_lite/18.1/nios2eds/bin/gnu/h-x86_64-mingw32/bin/../lib/gcc/nios2-elf/5.3.0/../../../../../H-x86_64-mingw32/nios2-elf/lib\libsmallc.a(lib_a-memcmp.o)
 .debug_loc     0x00000000000000de       0x1e c:/intelfpga_lite/18.1/nios2eds/bin/gnu/h-x86_64-mingw32/bin/../lib/gcc/nios2-elf/5.3.0/../../../../../H-x86_64-mingw32/nios2-elf/lib\libsmallc.a(lib_a-strlen.o)
 .debug_loc     0x00000000000000fc      0x1c0 c:/intelfpga_lite/18.1/nios2eds/bin/gnu/h-x86_64-mingw32/bin/../lib/gcc/nios2-elf/5.3.0/../../../../../H-x86_64-mingw32/nios2-elf/lib\libsmallc.a(lib_a-__atexit.o)
 .debug_loc     0x00000000000002bc      0x157 c:/intelfpga_lite/18.1/nios2eds/bin/gnu/h-x86_64-mingw32/bin/../lib/gcc/nios2-elf/5.3.0/../../../../../H-x86_64-mingw32/nios2-elf/lib\libsmallc.a(lib_a-__call_atexit.o)

.debug_macinfo
 *(.debug_macinfo)

.debug_weaknames
 *(.debug_weaknames)

.debug_funcnames
 *(.debug_funcnames)

.debug_typenames
 *(.debug_typenames)

.debug_varnames
 *(.debug_varnames)

.debug_alt_sim_info
                0x0000000000000000       0x30
 *(.debug_alt_sim_info)
 .debug_alt_sim_info
                0x0000000000000000       0x30 ../p4p_coprocessor_bsp//obj/HAL/src/crt0.o
                0x0000000008000000                __alt_data_end = 0x8000000
                0x0000000008000000                PROVIDE (__alt_stack_pointer, __alt_data_end)
                [!provide]                        PROVIDE (__alt_stack_limit, __alt_stack_base)
                [!provide]                        PROVIDE (__alt_heap_start, end)
                [!provide]                        PROVIDE (__alt_heap_limit, 0x8000000)
OUTPUT(p4p_coprocessor.elf elf32-littlenios2)

.debug_ranges   0x0000000000000000       0xb0
 .debug_ranges  0x0000000000000000       0x20 ../p4p_coprocessor_bsp//obj/HAL/src/crt0.o
 .debug_ranges  0x0000000000000020       0x18 ../p4p_coprocessor_bsp/\libhal_bsp.a(altera_avalon_jtag_uart_read.o)
 .debug_ranges  0x0000000000000038       0x10 c:/intelfpga_lite/18.1/nios2eds/bin/gnu/h-x86_64-mingw32/bin/../lib/gcc/nios2-elf/5.3.0/../../../../../H-x86_64-mingw32/nios2-elf/lib\libsmallc.a(lib_a-atexit.o)
 .debug_ranges  0x0000000000000048       0x10 c:/intelfpga_lite/18.1/nios2eds/bin/gnu/h-x86_64-mingw32/bin/../lib/gcc/nios2-elf/5.3.0/../../../../../H-x86_64-mingw32/nios2-elf/lib\libsmallc.a(lib_a-exit.o)
 .debug_ranges  0x0000000000000058       0x10 c:/intelfpga_lite/18.1/nios2eds/bin/gnu/h-x86_64-mingw32/bin/../lib/gcc/nios2-elf/5.3.0/../../../../../H-x86_64-mingw32/nios2-elf/lib\libsmallc.a(lib_a-memcmp.o)
 .debug_ranges  0x0000000000000068       0x10 c:/intelfpga_lite/18.1/nios2eds/bin/gnu/h-x86_64-mingw32/bin/../lib/gcc/nios2-elf/5.3.0/../../../../../H-x86_64-mingw32/nios2-elf/lib\libsmallc.a(lib_a-strlen.o)
 .debug_ranges  0x0000000000000078       0x10 c:/intelfpga_lite/18.1/nios2eds/bin/gnu/h-x86_64-mingw32/bin/../lib/gcc/nios2-elf/5.3.0/../../../../../H-x86_64-mingw32/nios2-elf/lib\libsmallc.a(lib_a-__atexit.o)
 .debug_ranges  0x0000000000000088       0x28 c:/intelfpga_lite/18.1/nios2eds/bin/gnu/h-x86_64-mingw32/bin/../lib/gcc/nios2-elf/5.3.0/../../../../../H-x86_64-mingw32/nios2-elf/lib\libsmallc.a(lib_a-__call_atexit.o)
