Info: Generated by version: 24.1 build 115
Info: Starting: Create block symbol file (.bsf)
Info: qsys-generate C:\Users\pchh520\Documents\GitHub\part-4-project\SummerResearch\quartus\ip\NonDPR\NonDPR_master_0.ip --block-symbol-file --output-directory=C:\Users\pchh520\Documents\GitHub\part-4-project\SummerResearch\quartus\ip\NonDPR\NonDPR_master_0 --family="Arria 10" --part=10AX115H1F34I1SG
Info: Finished: Create block symbol file (.bsf)
Info: 
Info: Starting: Create HDL design files for synthesis
Info: qsys-generate C:\Users\pchh520\Documents\GitHub\part-4-project\SummerResearch\quartus\ip\NonDPR\NonDPR_master_0.ip --synthesis=VERILOG --output-directory=C:\Users\pchh520\Documents\GitHub\part-4-project\SummerResearch\quartus\ip\NonDPR\NonDPR_master_0 --family="Arria 10" --part=10AX115H1F34I1SG
Info: NonDPR_master_0: "Transforming system: NonDPR_master_0"
Info: NonDPR_master_0: "Naming system components in system: NonDPR_master_0"
Info: NonDPR_master_0: "Processing generation queue"
Info: NonDPR_master_0: "Generating: NonDPR_master_0"
Info: NonDPR_master_0: "Generating: NonDPR_master_0_altera_jtag_avalon_master_191_3zppvky"
Info: NonDPR_master_0: "Generating: altera_avalon_st_jtag_interface"
Info: NonDPR_master_0: "Generating: NonDPR_master_0_timing_adapter_1940_5ju4ddy"
Info: NonDPR_master_0: "Generating: NonDPR_master_0_altera_avalon_sc_fifo_1932_5j7ufsq"
Info: NonDPR_master_0: "Generating: altera_avalon_st_bytes_to_packets"
Info: NonDPR_master_0: "Generating: altera_avalon_st_packets_to_bytes"
Info: NonDPR_master_0: "Generating: altera_avalon_packets_to_master"
Info: NonDPR_master_0: "Generating: NonDPR_master_0_channel_adapter_1921_5wnzrci"
Info: NonDPR_master_0: "Generating: NonDPR_master_0_channel_adapter_1921_fkajlia"
Info: NonDPR_master_0: "Generating: altera_reset_controller"
Info: NonDPR_master_0: Done "NonDPR_master_0" with 11 modules, 24 files
Info: Finished: Create HDL design files for synthesis
