Info: Generated by version: 24.1 build 115
Info: Starting: Create block symbol file (.bsf)
Info: qsys-generate C:\Users\pchh520\Documents\GitHub\part-4-project\SummerResearch\quartus\ip\NonDPR\NonDPR_intel_niosv_g_0.ip --block-symbol-file --output-directory=C:\Users\pchh520\Documents\GitHub\part-4-project\SummerResearch\quartus\ip\NonDPR\NonDPR_intel_niosv_g_0 --family="Arria 10" --part=10AS066N3F40E2SG
Info: Finished: Create block symbol file (.bsf)
Info: 
Info: Starting: Create HDL design files for synthesis
Info: qsys-generate C:\Users\pchh520\Documents\GitHub\part-4-project\SummerResearch\quartus\ip\NonDPR\NonDPR_intel_niosv_g_0.ip --synthesis=VERILOG --output-directory=C:\Users\pchh520\Documents\GitHub\part-4-project\SummerResearch\quartus\ip\NonDPR\NonDPR_intel_niosv_g_0 --family="Arria 10" --part=10AS066N3F40E2SG
Info: NonDPR_intel_niosv_g_0: "Transforming system: NonDPR_intel_niosv_g_0"
Info: NonDPR_intel_niosv_g_0: "Naming system components in system: NonDPR_intel_niosv_g_0"
Info: NonDPR_intel_niosv_g_0: "Processing generation queue"
Info: NonDPR_intel_niosv_g_0: "Generating: NonDPR_intel_niosv_g_0"
Info: NonDPR_intel_niosv_g_0: "Generating: NonDPR_intel_niosv_g_0_intel_niosv_g_220_xksulny"
Info: NonDPR_intel_niosv_g_0: "Generating: NonDPR_intel_niosv_g_0_intel_niosv_g_unit_220_6rakjva"
Info: niosv_reset_controller: "Generating: niosv_reset_controller"
Info: NonDPR_intel_niosv_g_0: "Generating: niosv_timer_msip"
Info: NonDPR_intel_niosv_g_0: "Generating: niosv_dm_top"
Info: NonDPR_intel_niosv_g_0: "Generating: NonDPR_intel_niosv_g_0_altera_irq_mapper_2001_3jqx4ly"
Info: NonDPR_intel_niosv_g_0: "Generating: niosv_reset_controller"
Info: NonDPR_intel_niosv_g_0: "Generating: altera_reset_controller"
Info: NonDPR_intel_niosv_g_0: Done "NonDPR_intel_niosv_g_0" with 8 modules, 60 files
Info: Finished: Create HDL design files for synthesis
